
> cloudtms-backend@1.0.0 test
> node --test tests/*.test.js

✔ exact hidden or blocked timesheet segments cannot emit Ready allocation children (1.7598ms)
✔ missing and ambiguous exact identities still fail closed (1.3697ms)
✔ non-ready segment economics remain in protected presentation totals (1.4518ms)
✔ the correction does not redefine James rate or post-Draft owners (1.8323ms)
✔ full-source owner identity is economic and excludes diagnostic reason (2.2407ms)
✔ one active full build covers every same-authority source-build reason (1.1417ms)
✔ published current full authority is a certified no-op (0.442ms)
✔ older pre-invalidated backlog can only be absorbed by newer current authority (0.3666ms)
✔ diagnostic reasons merge onto the elected owner but never change its identity (0.5529ms)
✔ dirty apply resolves current authority before any public dirty marking (0.3391ms)
✔ durable continuation uses the existing bounded queue wake and cron remains fallback (9.3181ms)
✔ the correction does not modify economic, provider or settlement authority (1.2104ms)
✔ resolved timesheet allocation children retain exact segment and rate-resolution authority (5.1201ms)
✔ recovery overlay allocates canonical child components exactly and fails closed (2.3115ms)
✔ same-session rebase is version-only, parity-fenced and preserves physical authority (0.8335ms)
✔ every mutating Cancel Resolution branch converges the new session version after the affected owner is proven (1.213ms)
✔ candidate preview pages by effective section and exposes physical section only as a diagnostic (1.1334ms)
✔ normal session preview page uses the same effective routing and suppresses dominated recovery carriers (0.9853ms)
✔ actionable taxable restructure is a read-time Cases authority even before a headroom overlay is refreshed (0.4962ms)
✔ the bounded fix does not redefine frozen James or post-Draft economic owners (5.5559ms)
✔ nullable pay methods fail with the typed James contract before SQL constraints (2.9702ms)
✔ physical baseline and reservation use sealed exact attribution without proportional allocation (1.1778ms)
✔ a sealed sole worked-time bucket can reconstruct an otherwise unfrozen parent charge exactly (1.9703ms)
✔ a sealed sole worked-time bucket receives an otherwise unallocated reservation exactly (0.9552ms)
✔ serializer and synchronizer share the defensive segment-key canonicalisation (1.4552ms)
✔ source build seals active item reservations and synchronizer replaces all live reservation workspaces (5.1806ms)
✔ negative worked-time recovery preserves the unchanged fixed residual identity (1.4086ms)
✔ paired negative hours use the preview builder signed delta contract without absolute-value drift (0.8287ms)
✔ authoritative source build passes the proven Workbench session to the saved-rate overlay (22.683ms)
✔ signed finance recovery is non-allocative sealed movement evidence, not negative hours (1.4774ms)
✔ zero-outstanding sealed buckets remain audit evidence but are not required modal components (1.1941ms)
✔ negative preview metadata validates live truth before the sealed outstanding overlay (1.1338ms)
✔ missing preview components are bridged only by exact sealed physical buckets (16.0707ms)
✔ every additional-rate code is an independent physical rate identity (0.6914ms)
✔ James proves source method at the exact economic key without changing the helper return contract (0.8743ms)
✔ reservation additional-code aggregation groups by the exact selected expression (0.2384ms)
✔ synchronizer proves singleton method cardinality before case persistence and never uses target as source (1.475ms)
✔ replacement-session queue replay is service-role-only with an empty search path (1.8692ms)
✔ legacy job failure is service-role-only with an empty search path (0.736ms)
✔ one-time migration installs the same two ACL and search-path boundaries (1.2192ms)
✔ authorised replacement-session wrappers retain postgres-owned definer execution (9.1268ms)
✔ service-owned failure paths remain connected after direct authenticated execution is removed (5.3816ms)
✔ empty-search-path functions schema-qualify every application relation and helper (3.0752ms)
✔ physical source publication identity is schema-backed and independently feature controlled (2.2217ms)
✔ one deterministic publication identity follows full, clone and targeted-delta physical sets (0.9322ms)
✔ Draft freeze and cancellation admission bind one exact physical publication (0.8859ms)
✔ same-authority build uniqueness is frozen when the economic build is inserted (0.4188ms)
✔ semantic V3 owner election precedes destructive refresh invalidation (3.5636ms)
✔ source-build claim cursors explicitly continue bounded scans after skip or wrap (0.3351ms)
✔ cancelled rows remain eligible but explicitly unticked across publication (0.4383ms)
✔ Draft one-step RPC preserves existing business owners while removing HTTP fanout (9.4112ms)
✔ new helpers are catalogue-owned once and remain service/private only (1.1561ms)
✔ the orchestration patch does not change Policy X economics or provider authority (1.5153ms)
✔ canonical enqueue freezes live sequence authority and synchronises it before job publication (6.1962ms)
✔ orphan repair owns candidate serialisation and gives an obsolete generation a fresh successor (1.0456ms)
✔ claim-start preserves the stale-build fence and durably waits for a current successor (0.8858ms)
✔ the correction does not alter Worker RPC fanout, nonce handling, or financial authority (11.3813ms)
✔ expired exhausted delivery recognises an already-rebound current successor before orphan repair (1.1921ms)
✔ existing-successor shortcut preserves fail-closed postconditions and fallback repair (0.4323ms)
✔ exhausted attempt convergence uses the candidate-state terminal vocabulary accepted by the schema (0.2555ms)
✔ V2 schema accepts only certified clone or targeted delta terminal parity and remains disabled (1.4031ms)
✔ publisher keeps V1 strict and exposes only certified V2 clone or delta branches (1.3706ms)
✔ progress accepts exact V1 or terminal V2 authority and blocks pending publication (0.6252ms)
✔ dirty lane leaves candidate lock ownership to processor and processor owns composite cursor (1.1038ms)
✔ historical reuse is bounded and target-date eligibility remains authoritative (0.3955ms)
✔ retired preview history is excluded only from the V2 target-date probe (0.5065ms)
✔ clone owner locks deterministic session union, fences, then uses V2 or semantic V3 publisher (0.3499ms)
✔ sealed delta remains non-ready until one atomic V2 or semantic V3 finaliser proves parity (0.7876ms)
✔ reconciliation version is frozen per build and optimisation remains pass-local (0.943ms)
✔ exact import-family admission is weekly, complete, occurrence-aware and postgres-only (0.5201ms)
✔ ACL and catalogue verifier preserve least privilege and one manifest owner (0.8364ms)
✔ schema rollout is disabled and profile 1 by default (2.4102ms)
✔ new authority helpers are private, fail closed and inaccessible to application roles (1.2497ms)
✔ claim freezes one immutable execution profile and execute enforces it (0.3034ms)
✔ profile 1 remains the exact legacy owner and profile 2 packs bounded logical work (0.7346ms)
✔ stage and certified-publication finalisation share one rollback and failure owner (0.4024ms)
✔ profile 2 reconciliation reuses set-owned immutable workspace without changing effect attestation (4.6766ms)
✔ presentation allocation failure reports bounded aggregate categories only (2.8973ms)
✔ resolved presentation allocation keeps sealed source truth separate from target-valued rows (2.8615ms)
✔ semantic TS_DAY allocation rows preserve independent physical rate buckets on one date (7.4924ms)
✔ resolved semantic allocation rows use the sealed target presentation amount (4.6133ms)
✔ canonical line conflicts expose bounded aggregate shapes without line identities (1.9184ms)
✔ correction residuals reuse only exact entitlement inputs inside one valid profile-2 build transaction (0.6044ms)
✔ generated event parent UUIDs are removed only from digests while parent mapping remains exact (0.926ms)
✔ simple lifecycle routing shares one proof and preserves full fallback (0.3977ms)
✔ newly eligible candidates use authoritative direct scope discovery then first full baseline (0.3744ms)
✔ bounded-source clone reuse requires one complete immutable publication proof (0.7644ms)
✔ clone execution preserves bounded canonical bytes and build identity while retaining full fallback (2.1267ms)
✔ sealed lifecycle output stages before one final proof and atomic promotion (0.7723ms)
✔ canonical refresh enqueue establishes the exact pending candidate-state publication owner (0.7574ms)
✔ public signatures and defaults remain unchanged (0.4051ms)
✔ bootstrap registry insertion uses one stable statement clock for lifecycle timestamps (1.7705ms)
✔ bootstrap lifecycle timestamps satisfy the installed terminal ordering constraint (0.897ms)
✔ bootstrap remains bounded queue activation rather than direct financial execution (0.5799ms)
✔ D1 sealing cursors are valid only for their owning stage (2.4572ms)
✔ D2 fact pages carry and verify a cumulative replay-safe chain (0.6423ms)
✔ D3 physical live-input pages precede durable derived-family paging (4.5299ms)
✔ D4 finance closure deduplicates frontier authority (0.8577ms)
✔ D5 component digests are derived internally (0.3726ms)
✔ D6 reconciliation consumes sealed facts and fences live metadata (5.9223ms)
✔ D7 pay-batch update and delete have statement backstops (0.6287ms)
✔ D8 fallback snapshots become typed facts with active precedence (0.8311ms)
✔ D9 bootstrap CLOSED requires zero-difference proof (0.5695ms)
✔ D10 global facts are active and scoped (0.7619ms)
✔ D11 claim and recovery use durable keyset progress before exact row locks (0.6478ms)
✔ four source lanes retain throughput without concurrent reconciliation stampede (0.2565ms)
✔ V1.2.8 physical additional identities are lossless and live dates fail closed (0.1364ms)
✔ V1.2.9 finance movement discovery bounds every scope and safety branch before authority work (0.2693ms)
✔ V1.2.7 parent-child page boundaries retain every physical occurrence (1.9175ms)
✔ V1.2.7 durable scan generations reach an eligible row beyond blocked prefixes (0.3523ms)
✔ D12 cleanup has a finite terminal state (0.735ms)
✔ D13 terminal DEAD jobs detach before deletion (0.1558ms)
✔ D14 cascade suppression resolves child-row ownership (1.5574ms)
✔ D15 expected effects are sealed then independently observed (0.9579ms)
✔ V1.2.8 SQL artifacts use timestamped repository placement and one identity per function (35.1628ms)
✔ schema surface is exactly nine private tables, 92 constraints and 55 indexes (1.9527ms)
✔ canonical staging identity is a PostgreSQL constraint with NULLS NOT DISTINCT semantics (0.6831ms)
✔ global finance-item authority is admitted by both fact and page ledgers (1.1117ms)
✔ latest fact constraints retain both finance-item and sealed expected-effect authority (1.0652ms)
✔ private durable authority is not exposed to browser or service roles (2.4724ms)
✔ ordinary scope begins from active state and does not rediscover lifetime history (0.7368ms)
✔ dependency closure is uncapped and final sealing is bounded and metadata-only (0.89ms)
✔ fact collection and legacy bootstrap page independently of total candidate size (4.7673ms)
✔ every installed source-build enqueue writer creates the one permitted typed null-build job (5.4829ms)
✔ candidate-wide reconciliation stages privately and publication switches CURRENT authority atomically (1.5697ms)
✔ all 18 invalidation backstops and nine independent finance observers use one statement adapter (0.8572ms)
✔ scope invalidation uses one lifecycle timestamp for conflict-safe registry and state inserts (1.0885ms)
✔ a dirty-apply job reuses only its proved finalized scope generation (4.646ms)
✔ a bootstrapped READY registry may be generation-dirty until its queued refresh publishes (0.5193ms)
✔ source publication evaluates each timesheet at its own dirty generation (0.3589ms)
✔ finance-effect observer compares temporary relation attributes using one text-array type (2.2593ms)
✔ finance-effect observer reports only bounded aggregate mismatch diagnostics (1.55ms)
✔ retained finance dirty triggers validate a sealed effect plan before finance DML (1.2727ms)
✔ V1.2.10 every family and unit transition produces a complete consumer-valid cursor (1.6285ms)
✔ V1.2.10 physical source continuation keeps projection transitions separate from raw lookahead (1.401ms)
✔ V1.2.10 reservation and linked-item frozen documents are independent authority sources (0.9305ms)
✔ V1.2.10 private presentation state retains zero-net and indefinite-snooze targets before public suppression (0.617ms)
✔ V1.2.10 preserves public function signatures and defaults (0.2057ms)
✔ V1.2.11 preserves every component-key alias as an independent assertion (3.0983ms)
✔ V1.2.11 public timesheet rollups derive from emitted public timesheet lines (0.582ms)
✔ V1.2.11 executable verification covers alias conflicts and hidden public-state parity (0.2624ms)
✔ V1.2.11 preserves function signatures, ownership and Policy X boundary (0.2807ms)
✔ V1.2.16 settled rotation evidence selects frozen ownership only inside one sealed unit (0.4158ms)
✔ V1.2.16 ownerless terminal history remains explicit evidence and cannot bypass active authority (0.5888ms)
✔ V1.2.8 lossless additional keys survive case, whitespace and page boundaries (3.0161ms)
✔ V1.2.8 raw bundle evidence cannot certify an unresolved occurrence (0.4697ms)
✔ V1.2.8 fallback occurrence CTEs name ex-VAT and inc-VAT columns independently (0.7163ms)
✔ V1.2.8 canonical multiplicity is checked per stable line before split collapse (0.4111ms)
✔ V1.2.8 durable keyset reaches work beyond any locked bounded prefix (0.5542ms)
✔ V1.2.9 preserves the complete Version-2 cursor before predecessor hashing (2.3346ms)
✔ V1.2.9 finance discovery is a bounded keyset merge with an independent raw bundle (1.3315ms)
✔ V1.2.9 finance component and key identity is fail-closed before fact acceptance (0.2247ms)
✔ V1.2.9 projects a captured finance movement through sealed family membership exactly once (0.3456ms)
✔ V1.2.9 canonical attestation distinguishes private truth from exact presentation allocation (2.0768ms)
✔ late authority restores the complete protected canonical presentation graph (2.2154ms)
✔ public eligibility remains downstream of protected state construction (0.7308ms)
✔ late authority reasserts the focused continuation owner after historical omnibus files (2.999ms)
✔ repair is limited to unattempted malformed continuations and proves exact live authority (0.5389ms)
✔ late authority reasserts the focused fail-job owner after historical omnibus files (2.5759ms)
✔ source-build retry cannot leave a private STARTED attempt behind (1.0513ms)
✔ deterministic semantic publication failure terminalises once and proves the replacement owner atomically (0.464ms)
✔ obsolete source-stage completion also converges scope currentness before returning (0.3769ms)
✔ orphan repair is bounded to expired deterministic source-stage failures (0.8849ms)
✔ late authority restores both finance-effect proposal triggers (1.69ms)
✔ restored trigger owners retain the existing Policy X and ACL boundary (3.8509ms)
✔ TEST enablement is singleton, versioned, and fail-closed (1.5424ms)
✔ late authority reasserts the profile-2 source-build owner after historical omnibus files (2.2853ms)
✔ capture is durably sealed before execute and does not weaken Policy X (1.0101ms)
✔ candidate material work does not exclusively lock the shared session row (1.3283ms)
✔ RPC 1 validates the shared session without serialising candidate lanes (0.7181ms)
✔ reservation paging seals the normal active-item domain once and preserves cursor authority (1.3541ms)
✔ clone repair reproduces the enqueue authority fingerprint and compares all four authority fields (0.5064ms)
✔ exhausted delivered attempts compose the existing repair owner and prove public convergence (0.2614ms)
✔ timesheet lifecycle nudges debounce and execute without waiting for cron (4.3782ms)
✔ one valid claim delivers exactly one exact execute and returns no nonce (27.9301ms)
✔ four-lane runtime reserves a bounded three-second RPC 1 response window (36.4689ms)
✔ bounded durable Workbench wakes continue a successful nudge without enabling payment continuations (16.8817ms)
✔ no claim stops after RPC 1 (22.6324ms)
✔ durable claim-scan progress remains explicit and never invokes RPC 2 (51.8309ms)
✔ lane scan ownership and durable cursor movement are retryable within bounded drain budgets (27.6861ms)
✔ uncertain or malformed claim never invokes RPC 2 (50.8387ms)
✔ actual RPC 1 non-success bodies never enter claim-uncertain results, aggregation or logs (202.6751ms)
✔ no-claim result codes are restricted to the database-owned allowlist (189.6084ms)
✔ insufficient preflight budget performs no RPC (23.9132ms)
✔ runtime loss after RPC 1 leaves the durable attempt for recovery and skips RPC 2 (32.716ms)
✔ execute transport loss is not retried and mixed-case nonce diagnostics are recursively redacted (30.8208ms)
✔ central source-build diagnostic scrubber redacts nonce keys, nested values and mixed case before truncation (14.0611ms)
✔ complete successful post-claim result is nonce-safe before aggregation and logging (42.753ms)
✔ diagnostic scrubber redacts object keys, custom Error fields and underscore-adjacent UUID rejection text (13.4619ms)
✔ UUID canonicalization makes session worker, lane and single-flight identities case invariant (2.3366ms)
✔ uppercase candidate and session filters accept canonical PostgreSQL claim identity exactly once (49.3481ms)
✔ database-owned stage failure is a valid terminal response and is not retried (24.9893ms)
✔ source-build burst uses the two-call helper while preserving parallel settlement and normal fairness (12.206ms)
✔ source-build parallelism defaults fail closed to one while explicit zero and configured values remain supported (42.5584ms)
✔ cron and nudge preserve database-owned stable worker and lane identities across every outer phase (38.444ms)
✔ only the minute schedule owns Banking Pay cron lanes (21.546ms)
✔ database-owned Worker runtime settings are not silently clamped below the configured reconciliation window (13.398ms)
✔ terminal reconciliation calibration remains statement- and lease-bounded (2.7251ms)
✔ accepted four-lane 32-burst profile remains inside the proved transaction envelope (1.8074ms)
✔ runtime version advertises the bounded-scope Stage 2 source marker (9.3436ms)
✔ RPC 1 is service-role-only metadata claim/start with a concrete durable attempt (3.9035ms)
✔ initial source-build jobs are the only null-build jobs and RPC 1 assigns build identity before return (0.78ms)
✔ fact-page completion and creation use one database timestamp (0.8085ms)
✔ post-seal bootstrap progress preserves the immutable terminal seed cursor (2.183ms)
✔ reconciliation scale authority is fail-closed and the calibration envelope is complete (1.4578ms)
✔ RPC 1 attempt start, creation, update and lease use one ordered timestamp authority (0.865ms)
✔ RPC 2 executes only the exact current nonce and fails closed without mutating stale delivery (0.96ms)
✔ RPC 2 uses fixed lock order and a final 500ms lease/generation fence (0.5801ms)
✔ RPC 2 final fence accepts only the exact atomically published terminal authority (1.0701ms)
✔ RPC 2 absorbs transient candidate contention inside a bounded execute window (1.2457ms)
✔ caught stage failure rolls back the inner work and leaves durable failure handling to the outer transaction (0.6031ms)
✔ material completion and retry paths are fenced by immutable attempt evidence (0.5789ms)
✔ terminal material completion reaches public successful-source reconciliation (9.6878ms)
✔ expired delivered attempts wait for cancellation grace and receive a new nonce on retry (0.5165ms)
✔ legacy combined drain cannot execute material source-build work (0.6334ms)
✔ attempt nonce never appears in diagnostic error payload construction (0.7374ms)
✔ Candidate password verifiers accept the exact password and reject a different password (166.0587ms)
✔ challenge delivery tokens are stable for an idempotent replay and scoped to its identity (17.0447ms)
✔ challenge replay validates changed factual input before reconstructing its token (55.5094ms)
✔ challenge replay reads its recorded token version across writer rollback and honours reader retirement (14.8543ms)
✔ an enumeration-masked challenge result replays without requiring retired token material (2.0469ms)
✔ private challenge resend exposes durable throttle receipts as HTTP 429 (11.4567ms)
✔ Candidate payload validation rejects canonical financial truth but accepts factual claim amounts (1.7983ms)
✔ explicit no-break input is represented as zero minutes with no interval (0.5247ms)
✔ blank or null break values are not silently converted into a no-break declaration (0.2215ms)
✔ Candidate route matching decodes stable path parameters and rejects partial paths (0.3692ms)
✔ timesheet page boundary defaults to Current and validates the explicit History view (10.7522ms)
✔ timesheet detail aliases pass one exact server identity to the shared detail RPC (3.6649ms)
✔ rejected resubmission is a thin adapter over the atomic source-bound database action (5.6539ms)
✔ public reminder stays REMIND and cancellation requires and forwards a reason (12.0729ms)
✔ Candidate workflow mutation requires a caller key and an exact WORKER_SUBMIT replay skips mutable enrichment (11.3922ms)
✔ Candidate HTTP boundary ignores unrelated routes and fails protected routes closed (1.0023ms)
✔ normal CloudTMS office audience cannot expose Candidate or manager public routes (0.8569ms)
✔ normal office Candidate endpoints enforce exact methods and use one service adapter call (1.7766ms)
✔ office batch projection is bounded and never fans out into per-row RPC calls (1.3036ms)
✔ office route confirmation requires a caller-owned UUID before any mutation RPC (1.3439ms)
✔ office rejection requires a bounded reason before the canonical confirmation call (3.1309ms)
✔ office errors use stable aliases without changing underlying lifecycle codes (0.5756ms)
✔ office W07 route preview returns the server-owned reject-versus-manual decision only for a Candidate scope (4.0463ms)
✔ office W07 route preview fails closed when Candidate scope authority is unavailable (0.8471ms)
✔ office PAPER history uses the preceding immutable delivery generation and retained receipt (1.093ms)
✔ office cancel manager request maps to request-only authority and preserves the typed reason (3.4373ms)
✔ office phone review sends only declared typed fields to the service adapter (1.7189ms)
✔ office signature preparation binds the exact phone request and returns an office upload route (15.0728ms)
✔ office reminder batch execute remains one browser operation with server-owned reminder material (4.5196ms)
✔ office reminder eligibility is server-owned, eligible-only and paginated (4.8972ms)
✔ office reminder catalogue filters by Candidate surname and sorts every matching page (21.5068ms)
✔ office reminder catalogue limit counts eligible rows rather than all pending EMAIL requests (133.7556ms)
✔ office reminder catalogue fails closed before an unbounded pending-request scan (27.5154ms)
✔ office reminder all-eligible selection is resolved across the complete server catalogue (11.2859ms)
✔ office reminder exact selection replay is returned before eligibility is recalculated (1.1541ms)
✔ paper pack responses never expose an R2 storage identity (0.3852ms)
✔ component upload tickets are encrypted and do not disclose the R2 key (4.3408ms)
✔ component validation accepts one-page PDFs and rejects mixed multi-page evidence (37.7087ms)
✔ component validation rejects malformed images and encrypted-PDF markers (0.5495ms)
✔ immutable generated documents use create-only storage and permit only same-digest replay (2.7964ms)
✔ idempotent component preparation always uses the original database-owned object identity (1.6778ms)
✔ paper mileage form preserves the approved labels and UK week-ending format (55.001ms)
✔ persisted expense and mileage PDFs are byte-deterministic across wall-clock time (1135.0073ms)
✔ expense summary rendering fails closed without the frozen canonical display total (0.5651ms)
✔ frozen branding ignores later live settings and validates its immutable contract (1.2462ms)
✔ live branding is copied once to a content-addressed immutable logo key (1.6547ms)
✔ document registration recovers after R2 success without rerendering a different object (4.2193ms)
✔ complete paper pack retry reuses the same deterministic object and digest (1113.988ms)
✔ paper pack readiness is a read-only durable-object receipt check (1.8875ms)
✔ paper pack receipt rejects malformed hashes, generation and page-count metadata (0.5507ms)
✔ paper pack release never requeues a failed mail operation (0.6189ms)
✔ paper pack release rejects a missing outbox before creating a readiness notification (0.2927ms)
✔ paper pack release is insert-once and preserves an existing notification lifecycle (0.4473ms)
✔ paper pack notification replay never resets terminal read or push states (0.6403ms)
✔ paper pack release does not notify when the guarded attachment update loses its race (0.4248ms)
✔ paper pack release installs the exact complete pack before notification (0.4054ms)
✔ paper outbox binding is already atomic and the backend only adopts the exact held row (0.4522ms)
✔ paper pack release rejects an already claimed held email before PATCH or notification (0.3393ms)
✔ paper-pack scheduler proves the exact held email before any R2 pack work (1.8648ms)
✔ paper-pack scheduler durably records a classified retryable storage failure (2.588ms)
✔ Candidate auth/account mutation routes reject a missing caller idempotency key before work (3.3502ms)
✔ failed login lost-response replay does not advance the lockout counter twice (38.721ms)
✔ unknown-account login owns a durable generic failure receipt and changed email conflicts (22.0839ms)
✔ concurrent activation, login and refresh return the database winner refresh token (73.996ms)
✔ concurrent logout and password change recover the durable result after mutable preconditions move (114.8712ms)
✔ selected-candidate precondition recovery returns the same frozen access credential (3.4637ms)
✔ push registration replay hashes semantic token identity rather than randomized ciphertext (3.9834ms)
✔ Candidate OpenAPI requires caller idempotency for every auth and account mutation (4.0731ms)
✔ notification read acknowledgement has one durable timestamped result and conflicts on changed identity (4.9136ms)
✔ refresh lost-response replay returns the same successor token and a new key retains theft detection (4.0265ms)
✔ phone handoff replay freezes key versions and conflicts on changed public session, device, or generation (6.3826ms)
✔ finalisation probes its durable key receipt before current approval history (3.2859ms)
✔ a pending source document remains PREPARING after its observation deadline without claiming an attempt (1.2679ms)
✔ Office PAPER retry recovers an expired executor lease with a new inner attempt key (2.2999ms)
✔ paper outbox binding rejects missing, opted-out or otherwise unavailable email delivery (0.2429ms)
✔ QR pack public response never defaults a missing queue result to accepted (0.0868ms)
✔ paper outbox adoption rejects an immediately due base-PDF row (0.2921ms)
✔ paper workflow multiplicity is checked before every document-state early return (1.6843ms)
✔ private manager routes reject wrong HTTP methods before any RPC mutation (1.2054ms)
✔ public Candidate workflow actions exclude service finalisation (2.131ms)
✔ public workflow responses omit renderer contracts and canonical financial internals (0.2605ms)
✔ official review presentation is frozen from authoritative CloudTMS display rows (0.2291ms)
✔ background approval work is isolated and reports a bounded failure without rejecting waitUntil (0.2138ms)
✔ fifty simultaneous manager follow-on tasks settle independently (0.39ms)
✔ a complete paper return immediately advances through canonical finalisation (0.1566ms)
✔ a paper finalisation blocker preserves RECEIVED and returns a controlled retry state (0.3871ms)
✔ mixed challenge writer versions always deliver the database-winning START and RESEND token (291.9638ms)
✔ mixed authentication writers hash an identical request under one reserved key version (72.7904ms)
✔ a reserved authentication request version fails closed after deliberate reader retirement (1.0982ms)
✔ a private Worker fails closed when the database has not acknowledged version reservation (0.6225ms)
✔ activation, refresh and authenticated account mutations share the reserved version (72.412ms)
✔ mixed PHONE writers return only the database-winning handoff token (12.3976ms)
✔ refresh-token-reuse security response is replayed without re-evaluating revoked state (10.0734ms)
[BOOT] worker version 2025-11-13-unplan-log
✔ public broker source has no Supabase, R2 or CloudTMS business-authority dependency (13.8463ms)
✔ public broker rejects an unexpected browser origin before private API access (38.3528ms)
✔ browser preflight is exact-origin and never wildcard (2.0166ms)
✔ public wrapping secrets and database-safe device versions are proved before private mutation (20.0725ms)
✔ deterministic v2 broker envelopes retain v1 read compatibility and reject tampering (10.2088ms)
✔ versioned public credentials write v4, retain v1/v2/v3 readers and authenticate their key version (24.1499ms)
✔ challenge start hides Candidate eligibility and account state (263.4922ms)
✔ public challenge contract rejects invalid keys, preserves conflicts, and masks only eligibility (1566.1795ms)
✔ public challenge resend exposes durable private throttles and preserves retry timing (527.106ms)
✔ public logout unwraps the private bearer and replays one durable private mutation (20.0824ms)
✔ public broker wraps private Candidate tokens and signs the service-bound request (5.3295ms)
✔ public login and password completion return byte-stable credentials after a lost response (15.5248ms)
✔ real public broker and private API replay one durable login, activation and refresh result (100.6894ms)
✔ public Candidate access is unwrapped only for the private service call (4.6827ms)
✔ public refresh envelope preserves private refresh rotation without exposing it (5.9081ms)
✔ public refresh returns the same successor credentials on an exact retry (14.5826ms)
✔ OpenAPI public path inventory and pagination names match the private router (3.233ms)
✔ public broker rejects wrong manager methods before the private service binding (2.6425ms)
✔ candidate selection never exposes or substitutes the private database session identity (8.9771ms)
✔ same-phone manager handoff is broker sealed and bound to the initiating public session and device (17.1667ms)
✔ device registration never forwards the raw push token to CloudTMS private API (7.7068ms)
✔ full public push replay accepts the same raw token and conflicts on a changed token (22.4162ms)
✔ public rate limits fail closed before private work (0.7502ms)
✔ service request authentication detects body tampering and stale timestamps (3.7151ms)
✔ private Worker has no public Candidate route and requires a signed service request (2.5154ms)
✔ normal CloudTMS Worker rejects public Candidate routes before global preflight (2.5947ms)
[BOOT] worker version 2025-11-13-unplan-log
✔ Phase 1A route catalogue exactly matches all 24 merged-R5 Daily operations (2.9081ms)
✔ all 25 Daily/bootstrap error matrices are exact and every encoder output is closed-schema (21.8596ms)
✔ public Daily response boundary rebuilds only allowed errors and rejects private leakage or drift (38.3582ms)
✔ single policy authority preserves bootstrap and fails each Candidate surface input closed (0.6473ms)
✔ bootstrap is additive, keeps accepted legacy daily entitlement and remains globally disabled (0.4224ms)
✔ candidate correlation and idempotency middleware implement the closed R5 rules (4.7552ms)
✔ public Daily transport enforces 32 KiB bodies and route-specific idempotency while dark (5.3939ms)
✔ Candidate JSON framing rejects under-declared and over-declared Content-Length exactly (2.4316ms)
✔ all Daily browser-side 403 paths remain public 403 FORBIDDEN errors (4.1057ms)
✔ unchanged R5 query and raw-parser corpus passes production Worker canonicalization (3.0508ms)
✔ unchanged R5 positive vectors match production Worker prefix/message/hash/HMAC bytes (11.4941ms)
✔ actual private Worker verifier accepts valid signed requests and rejects transport nonce replay (8.0019ms)
✔ nonce retention is at least 600 seconds from server consumption at both clock-skew edges (6.0557ms)
✔ actual private Worker verifier fails closed for body, key, timestamp, query and configuration drift (7.3712ms)
✔ all unchanged R5 negative vectors are rejected by the production parser/verifier boundary (21.1965ms)
✔ Phase 1A candidate and signed-system dispatch is present but dark and effect-free (2.7132ms)
✔ actual bootstrap/private dispatch preserves baseline and adds only disabled Daily capability (8.3432ms)
✔ signed Google system request crosses public broker and private service once, stays dark, and rejects nonce replay (123.4239ms)
✔ signed-system public edge generates a valid correlation for missing/invalid input and never calls private (3.1325ms)
✔ signed-system pre-auth limiter cannot be bypassed by rotating unverified key IDs (209.3244ms)
✔ Fetch-normalized duplicate signed headers are rejected by the real public/private path (3.0473ms)
✔ R8 bootstrap preserves the database-owned Daily capability and fails unreadable authority closed (2.9537ms)
✔ R8 tiles dispatch returns exactly fourteen database-owned tiles through the strict envelope (98.5547ms)
✔ R8 availability command freezes one caller key and emits replay only from the durable owner (7.568ms)
✔ R8 Candidate commands preserve stable conflict details and the operation-specific refresh contract (4.9469ms)
✔ R8 strict success authority rejects malformed cohorts, freshness, and action locators (18.5706ms)
✔ R8 specialist seam passes only typed facts and reconstructs a closed success envelope (2.7614ms)
✔ R8 specialist seam rejects unapproved request keys and malformed provider responses (9.2313ms)
✔ R8 Candidate external-effect responses remain exact, replayable and candidate-bound (1.9128ms)
✔ R8 public success boundary rebuilds approved fields and rejects leakage (15.756ms)
✔ R8 signed-system operation mappings and strict body validators cover every Phase 2 RPC seam (0.816ms)
✔ Phase 2 installs exactly the approved twelve-table authority and no legacy browser session (3.3128ms)
✔ Phase 2 exposes exactly thirteen service RPCs and keeps all direct roles closed (3.4993ms)
✔ authority mode and freshness remain single-owner and fail closed (1.4378ms)
✔ authority transition derives every cutover and rollback barrier inside the locked database owner (10.0795ms)
✔ Candidate runtime workflow installs Phase 2 schema then RPCs before dependent reads (0.6145ms)
✔ certified rollback sources retain the independently recorded SHA-256 authorities (7.9002ms)
✔ Availability revised Code.gs differs from certified source only at the approved Phase 3 seams (193.8584ms)
✔ Master Rota revised Code.gs adds only the post-legacy mirror seam and preserves the operator setup utility (195.4698ms)
✔ false or missing bridge flag is a hard no-op in Availability helper (10.9496ms)
✔ false or missing bridge flag is a hard no-op in Master Rota helper (9.1069ms)
✔ Master Rota never advances CloudTMS when the primary Availability publication was not accepted (2.1184ms)
✔ Apps Script HMAC implementation matches frozen R5 UTF-8 canonicalization vector (4.3649ms)
✔ source-link identity HMAC is deterministic, bounded and never transmits the raw public ID (2.6225ms)
✔ legacy availability sends only durable applied non-deferred rows (3.4183ms)
✔ legacy availability all-accepted result preserves every durable accepted row (2.744ms)
✔ legacy availability all-rejected result performs no identity, state, log or network work (2.0873ms)
✔ queued Availability rows mirror only after flush writes and lock release (29.6876ms)
✔ STATUS_CHECK contract responses retain the operation and invoke exact status (8.1962ms)
✔ explicit REFRESH and DO_NOT_RETRY errors are terminal but malformed 409 is retained (6.4077ms)
✔ legacy availability uncertainty retains one operation and consumes at most one exact retry (6.9081ms)
✔ Master Rota generation builder emits exact 14-day hashed items without raw identity (10.2288ms)
✔ Phase 3 code preserves orphan ai_startDailyPings state and introduces no trigger owner (21.163ms)
✔ copy/paste source is unredacted and contains no secret values or placeholders (29.3139ms)
✔ Candidate HTTP enrichment is stable and signing time is an explicit factual input (5.1318ms)
✔ finalisation probes the durable receipt before mutable lifecycle validation (0.9502ms)
✔ PAPER execution has one database-owned attempt lease, backoff and terminal stop contract (1.2608ms)
✔ PAPER preparation records an observation deadline without claiming an execution attempt (1.3094ms)
✔ Candidate mutations require caller-owned keys and replay probes precede mutable enrichment (1.0219ms)
✔ manager mutation identity excludes generated delivery values (1.8923ms)
✔ canonical rejection replay is bound to the complete request after a key lock (0.4897ms)
✔ Office PAPER retry responses never expose complete-pack storage keys (0.4482ms)
✔ manager provider handoff obtains one exact database submit permit (4.1306ms)
✔ withdrawal permit remains bound to its terminal request generation (6.404ms)
✔ manager provider handoff rejects stale identity or generation receipts (0.9933ms)
✔ manager provider handoff fails before RPC for retired or malformed binding (0.4838ms)
✔ ordinary non-manager mail bypasses manager provider authority (0.4261ms)
✔ normal mail handoff composes manager permit before the external provider call (56.859ms)
✔ office OpenAPI and normal backend expose the same exact method/path inventory (25.3485ms)
✔ office contract preserves bounded projection and server-owned reminder batching (10.2524ms)
✔ Office projection SQL preserves DAILY timesheet-only identity without weakening WEEKLY exactness (2.0576ms)
✔ durable reminder batch PARTIAL and FAILED outcomes remain successful structured results (2.2956ms)
✔ invoice row projections expose the office expense-email diagnostic without changing authority fields (14.4896ms)
✔ Office Authorise uses canonical processing authority and no legacy QR veto (16.9123ms)
✔ Processing Status exposes only the agreed operational catalogue (1.4228ms)
✔ complete signed QR return remains the prerequisite to Candidate finalisation (0.5163ms)
[BOOT] worker version 2025-11-13-unplan-log
✔ Timesheet Summary embeds bounded exact Candidate projections before returning rows (3.2895ms)
✔ Timesheet Summary resolves Manual and import-authoritative routes as immediate blanks without projection work (1.7133ms)
✔ Candidate Office applicability trusts the exact row route before contradictory broad route-family hints (0.2876ms)
✔ Candidate Office marks Manual and import rows across nested non-Summary response shapes (0.6256ms)
✔ Timesheet Summary embeds a safe row-level error and never starts browser hydration (0.4271ms)
✔ normal TEST Worker supplies the Candidate Office environment authority (3.5454ms)
✔ PAPER preparation atomically composes the canonical held-mail authority (4.4311ms)
✔ QR enqueue atomically owns Candidate PAPER mail identity and hold state (10.0496ms)
✔ ordinary QR document completion cannot release a Candidate-bound mail row (0.7657ms)
✔ mail claim fails closed until the exact complete Candidate PAPER pack is ready (1.4805ms)
✔ PAPER release is a service-only atomic workflow action and the backend is only an adapter (1.9947ms)
✔ single-workflow and source-set retirement close mail, notification and QR authority for every caller (12.671ms)
✔ provider handoff obtains an atomic submit permit before external submission (6.5341ms)
✔ Candidate PAPER hashing resolves pgcrypto exactly as the TEST schema exposes it (7.9543ms)
✔ whole-record rejection transitions the exact target-or-anchor workflow set (1.4989ms)
✔ fresh PAPER generations own fresh delivery, QR and document identities (6.1664ms)
✔ Candidate mail claim revalidates current workflow generation, route, state and manifest (0.6737ms)
✔ provider handoff obtains one atomic database submit permit (3.4148ms)
✔ provider handoff fails closed when the atomic permit is refused or stale (2.5955ms)
✔ provider handoff rejects a permit receipt for another workflow (0.4912ms)
✔ provider handoff fails before the permit RPC for invalid binding or environment (0.6564ms)
✔ ordinary non-Candidate mail bypasses Candidate provider authority (0.7349ms)
✔ invoice V8 SQL files use the required timestamped naming convention (8.5187ms)
✔ V8 runtime authorities do not delegate to preserved legacy copies (68.5798ms)
✔ selection V2 enforces exact selectors and bounded explicit keys (2.522ms)
✔ SUMMARY group selectors are canonical, bounded, and authoritative (6.6304ms)
✔ timesheet presentation uses authoritative schedule and authorisation fields (4.4754ms)
✔ Batch Generate creates invoice records only while Batch Issue accepts document preparation (11.0818ms)
✔ invoice presentation consolidates import support and exposes complete commercial line columns (2.8071ms)
✔ invoice presentation maps authoritative NHSP import fields into readable support rows (3.7284ms)
✔ candidate snapshots are Vault-backed, signed, and verified in DB (3.3209ms)
✔ canonical hashes and candidate trigger projections are locked artifacts (8.3908ms)
✔ strict query validation and post-helper trigger installation are present (8.1984ms)
✔ manifest carriers remain hidden until bounded release (3.3084ms)
✔ direct Issue and Delivery carriers are committed claimable members (2.3801ms)
✔ direct Delivery carriers preserve routing and bind request correlation to the chunk (4.2358ms)
✔ result paging is direct, bounded, and revision-gated (1.5532ms)
✔ batch operation control does not preload a capped current-chunk graph (2.0711ms)
✔ operation-control retry installer references the single canonical function authority (1.7008ms)
✔ operation control replacement hashing uses the fixed extensions schema (1.1376ms)
✔ batch rollup qualifies output-column names inside SQL statements (1.1142ms)
✔ operation control has durable database idempotency receipts (3.4167ms)
✔ operation-control receipts are excluded from candidate revision authority (2.3214ms)
✔ candidate PAGE selects bounded keys before expensive hydration (9.6691ms)
✔ Batch Generate and Batch Issue classify PAGE-family requests exactly once (6.7831ms)
✔ V8 rollup exposes the complete manifest and commercial contract (3.441ms)
✔ Issue finalisation locks invoices deterministically and keeps delivery separate (2.8396ms)
✔ timesheet presentation uses authoritative schedule and authorisation fields (1.7159ms)
✔ document manifest planning freezes snapshot and manifest in one version update (4.2194ms)
✔ invoice source chunks keep the electronic timesheet template identity (2.2549ms)
✔ attachment-index render passes carry their frozen presentation identity (7.526ms)
✔ document merge retry requeues the plan into the implemented wait-for-merge phase (2.5415ms)
✔ merge and verify processor contexts carry frozen document identity (2.2079ms)
✔ presentation authority repeatable defers safely instead of failing CI while work is active (3.3468ms)
✔ invoice presentation rows freeze each source timesheet week ending for the v2 table (1.9487ms)
✔ invoice-professional-v2 identity is propagated through every invoice document entry point (11.8636ms)
✔ week-ending document identity installer references each changed nested authority once (1.7814ms)
✔ source render processor context carries the frozen source template identity (1.0817ms)
✔ batch rollup separates carrier trigger writes from the root update (2.9929ms)
✔ generation resolves NHSP financials to the SELF_BILL invoice stream without losing their source family (1.3838ms)
✔ candidate correction validation treats a planned invoice identity as null-safe (2.1237ms)
✔ authoritative changed-hours pairs remain one atomic NONE-consolidation group (1.0771ms)
✔ correction candidate presence cannot be fabricated by two null invoice identities (1.3216ms)
✔ generation validation accepts pending NHSP sources and resolves VAT from the source week (2.1619ms)
✔ generation commits exact NHSP shift ownership and attaches the authoritative import row (2.1969ms)
✔ generation revalidation correlates the canonical selection identity in every phase (1.7971ms)
✔ generation establishes the invoice header before downstream ownership writes (5.6863ms)
✔ root repeatable installs every changed nested Invoice V8 authority (2.871ms)
✔ issue uniqueness retains terminal blocked audit without owning the active slot (1.9227ms)
✔ committed TEST configuration keeps interactive enabled and scheduled disabled (1.6613ms)
✔ manual and QR timesheet document planning fails closed without an immutable source asset (1.9474ms)
✔ direct manual and QR timesheet documents use the exact registered asset (1.358ms)
✔ single-part normalised assets use the direct-key READY representation (1.3333ms)
✔ repeatable deployment avoids no-op workbench session and job table locks (3.2632ms)
✔ contract override defaults work without a client settings row (3.7233ms)
✔ contract override controls HealthRoster invoice validation (9.4532ms)
✔ normalised timesheet evidence adopts the exact registered asset revision (2.1434ms)
✔ invoice detail exposes only the resolved email-delivery decision (2.7819ms)
✔ invoice detail preserves an authoritative suppressed decision and reason (1.9604ms)
✔ invoice detail does not invent a resolved policy when the resolver result is absent (0.2834ms)
✔ GET invoice includes the sanitised delivery decision in every response branch (3.4596ms)
✔ HealthRoster authoritative corrections recover source evidence through timesheet ancestry (4.1721ms)
✔ HealthRoster invoice attachment is independent of validation-only policy (5.6157ms)
✔ HealthRoster presentation preserves explicit correction evidence roles (2.7562ms)
✔ HealthRoster support renders corrected-hours and reversal entries (2.0497ms)
✔ legacy HealthRoster reversal models remain visibly labelled (0.4687ms)
✔ authoritative correction evidence preserves corrected-hours and reversal occurrences (3.8936ms)
✔ NHSP support renders an explicit entry for both members of a correction pair (35.445ms)
✔ legacy NHSP reversal models remain readable and visibly labelled (0.7968ms)
✔ Batch Generate applies only the effective reference-to-invoice policy to positive hours (3.2601ms)
✔ Batch Issue applies only the effective reference-to-issue policy (1.4397ms)
✔ the canonical precheck retains contract-over-client policy resolution for each independent stage (2.9895ms)
✔ runtime configuration is disabled by default and clamps every limit (2.2709ms)
✔ unified outbox cursor is signed, filter-bound and preserves independent source positions (19.3231ms)
✔ database batch advances all claims through one RPC call (3.4648ms)
✔ queue lane selection keeps database and document work separate (0.3639ms)
✔ browser receipt hashes use PostgreSQL jsonb key ordering (0.8598ms)
✔ document access token is signed, expires, and binds its purpose (7.512ms)
✔ canonical command payload preserves canonical members and rejects malformed IDs (25.1133ms)
✔ invoice HTML is deterministic and escapes all mutable presentation values (27.7197ms)
✔ invoice line item descriptions keep Accommodation whole in a wider first column (0.7485ms)
✔ legacy v1 frozen invoice rows retain their original Unit layout (0.6052ms)
✔ consolidated invoice hides the top worker field but keeps workers in line rows (1.3578ms)
✔ NHSP invoice hides a single worker header but keeps the line worker (1.2487ms)
✔ frozen presentation identity is recomputed and pay-side fields are rejected (5.2126ms)
✔ attachment index renders one logical row with physical page totals (0.3926ms)
✔ attachment pagination correlates the DB logical source key (0.566ms)
✔ attachment pagination preserves the frozen canonical display row (0.1839ms)
✔ retired synchronous generation route returns 410 and starts no work (4.6704ms)
✔ attachment pagination correlates the DB logical source key (0.3192ms)
✔ document view returns 200 only for an exact READY version (9.5272ms)
{"event":"invoice_queue_drain","ok":true,"invocation_id":"5acd7762-802b-4ede-aedd-e1fbfbbb1963","mode":"user_nudge","elapsed_ms":1,"cycles":1,"database":{"claimed":0,"advanced":0,"rejected":0},"document":{"claimed":0,"processed":0,"completed":0,"rejected":0,"ownership_lost":0},"continuation_required":true,"released_lanes":["DATABASE","DOCUMENT"],"continuation_dispatched":true}
✔ draft invoice view does not reuse a READY preview from an older template (6.1966ms)
{"event":"invoice_queue_drain","ok":true,"invocation_id":"37077480-f188-4909-8322-31bd60a417f8","mode":"user_nudge","elapsed_ms":1,"cycles":1,"database":{"claimed":0,"advanced":0,"rejected":0},"document":{"claimed":0,"processed":0,"completed":0,"rejected":0,"ownership_lost":0},"continuation_required":true,"released_lanes":["DATABASE","DOCUMENT"],"continuation_dispatched":true}
✔ draft invoice view prepares required legacy accommodation evidence before reusing a preview (4.7341ms)
✔ draft invoice view fails closed when required expense evidence bytes are missing (4.7015ms)
✔ unfiltered unified outbox includes bounded invoice operation rows (5.876ms)
✔ invoice Outbox queue filters never query chunk-only scheduling columns (3.156ms)
✔ native receipt contract derives physical receipts from actual bytes metadata (4.6464ms)
✔ controlled cohort parsing is exact, deduplicated, and admin-only (0.5312ms)
✔ authenticated access mode allows every active authenticated user without a cohort (0.2692ms)
✔ TEST refresh cookies are partitioned for the cross-site Worker origin (50.8792ms)
✔ drain request signatures bind lane order, nonce, depth, and timestamp (3.165ms)
✔ candidate GET is rejected as method-not-allowed before any service-role read (0.9266ms)
✔ retired legacy batch generation never returns an accepted response (0.8154ms)
✔ issued document view selects the exact FINAL_ISSUE version and never queues preview (1.068ms)
✔ generation mismatch blocks new preview work without blocking document-read routes (2.2203ms)
✔ professional source templates use explicit allowlisted fields (2.6782ms)
✔ receipt evidence rejects wrong order, omission, and duplicate descriptors (0.3528ms)
✔ final receipt verification recomputes the complete merge tree (6.1818ms)
✔ unrelated API routes bypass async admin and cohort checks (0.4621ms)
{"event":"invoice_document_heartbeat_failed","code":"TOUCH_UNAVAILABLE","active_count":1}
✔ complete heartbeat RPC failure aborts owned work before completion submission (17.3583ms)
{"event":"invoice_queue_drain","ok":true,"invocation_id":"2c4caf20-70c9-421e-957c-cb4e886f3ece","mode":"user_nudge","elapsed_ms":1,"cycles":1,"database":{"claimed":1,"advanced":1,"rejected":0},"document":{"claimed":0,"processed":0,"completed":0,"rejected":0,"ownership_lost":0},"continuation_required":true,"released_lanes":["DATABASE","PDF_MERGE"],"continuation_dispatched":true}
{"event":"invoice_queue_drain","ok":true,"invocation_id":"58b53fd8-4cec-4c0b-b0c9-b5140e99bda0","mode":"user_nudge","elapsed_ms":0,"cycles":1,"database":{"claimed":0,"advanced":0,"rejected":0},"document":{"claimed":0,"processed":0,"completed":0,"rejected":0,"ownership_lost":0},"continuation_required":false,"released_lanes":["RECONCILE"],"continuation_dispatched":false}
✔ USER_NUDGE advances database work only and dispatches released document lanes (1.3542ms)
✔ document completion releases the next queue lane without waiting for cron (0.2425ms)
✔ reconciliation uses bounded keyset pages and emits a signed continuation cursor (2.2109ms)
✔ capabilities remain available while async is disabled and do not disclose cohort IDs (1.7188ms)
✔ single issue requires the revision reviewed by the modal (1.9934ms)
{"event":"invoice_queue_drain","ok":true,"invocation_id":"8c2ccf60-fc54-4895-9a46-fd5ad1b54cde","mode":"user_nudge","elapsed_ms":1,"cycles":1,"database":{"claimed":0,"advanced":0,"rejected":0},"document":{"claimed":0,"processed":0,"completed":0,"rejected":0,"ownership_lost":0},"continuation_required":false,"released_lanes":["DATABASE"],"continuation_dispatched":false}
✔ batch generation submits one V2 selection root and omits caller time authority (4.3437ms)
{"event":"invoice_queue_drain","ok":true,"invocation_id":"115159cd-3fc0-4a6b-bdab-10b19d725a02","mode":"user_nudge","elapsed_ms":1,"cycles":1,"database":{"claimed":0,"advanced":0,"rejected":0},"document":{"claimed":0,"processed":0,"completed":0,"rejected":0,"ownership_lost":0},"continuation_required":true,"released_lanes":["ASSET_INSPECT","ASSET_NORMALISE","DATABASE","DOCUMENT_PLAN","DOCUMENT_VERIFY","INVOICE_CORE_RENDER","PDF_MERGE","SOURCE_RENDER"],"continuation_dispatched":true}
✔ Generate-and-view adopts an authoritative existing draft-view command (9.059ms)
✔ invoice batch filters and sort are strictly allowlisted and canonical (0.678ms)
✔ invoice batch selection ledger accepts ordered semantic V2 selectors (0.756ms)
✔ invoice batch cursor is expiring, HMAC protected and query-bound (4.381ms)
✔ invoice batch query hash includes the complete signed snapshot identity (1.1632ms)
✔ V2 candidate envelopes remain typed and legacy envelopes fail closed (0.5206ms)
✔ SUMMARY group records require canonical selectors and consistent state (2.2241ms)
✔ SUMMARY group-selector normalization accepts 400 and rejects duplicates or 401 (11.4336ms)
✔ POST candidate route returns V8 and keeps database keysets behind an opaque cursor (7.8918ms)
✔ candidate RPC timeouts fail closed without exposing an internal RPC error (1.8411ms)
✔ SUMMARY candidate route enforces exact group-selector coverage and request order (5.512ms)
✔ invoice batch JSON reader enforces the byte limit and object-only contract (3.1978ms)
✔ external command identity is caller-stable and never falls back to delivery identity (0.6247ms)
✔ V8 snapshot, facet, explicit-key, and delivery token boundaries fail closed (0.7171ms)
✔ operation-control envelope is exact, durable-tokened, and DB-hashed (3.0976ms)
✔ operation-control rejects conflicting token sources before any RPC call (1.3326ms)
✔ work-starting document GET and loose credit-note inputs are rejected (1.5098ms)
✔ delivery part number is an exact bounded positive integer (1.4353ms)
{"event":"invoice_queue_drain","ok":true,"invocation_id":"a2badbc9-6ee6-4bc1-84a2-e1ac0d516c31","mode":"user_nudge","elapsed_ms":0,"cycles":1,"database":{"claimed":0,"advanced":0,"rejected":0},"document":{"claimed":0,"processed":0,"completed":0,"rejected":0,"ownership_lost":0},"continuation_required":true,"released_lanes":["ASSET_INSPECT","ASSET_NORMALISE","DATABASE","DOCUMENT_PLAN","DOCUMENT_VERIFY","INVOICE_CORE_RENDER","PDF_MERGE","SOURCE_RENDER"],"continuation_dispatched":true}
{"event":"invoice_queue_drain","ok":true,"invocation_id":"9337dce2-240f-41d1-aad2-1527727923bd","mode":"user_nudge","elapsed_ms":1,"cycles":1,"database":{"claimed":0,"advanced":0,"rejected":0},"document":{"claimed":0,"processed":0,"completed":0,"rejected":0,"ownership_lost":0},"continuation_required":true,"released_lanes":["ASSET_INSPECT","ASSET_NORMALISE","DATABASE","DOCUMENT_PLAN","DOCUMENT_VERIFY","INVOICE_CORE_RENDER","PDF_MERGE","SOURCE_RENDER"],"continuation_dispatched":true}
✔ Batch Issue supports Issue-and-send and Issue-only with separate identities (3.9723ms)
✔ result cursors bind root, category and atomic result-page revision (3.0566ms)
✔ capabilities advertise mandatory V8 features only when every dependency is ready (5.0205ms)
{"event":"invoice_queue_drain","ok":true,"invocation_id":"00c382ca-ab90-4661-9db2-533b748e34b4","mode":"user_nudge","elapsed_ms":1,"cycles":1,"database":{"claimed":0,"advanced":0,"rejected":0},"document":{"claimed":0,"processed":0,"completed":0,"rejected":0,"ownership_lost":0},"continuation_required":false,"released_lanes":["DATABASE"],"continuation_dispatched":false}
✔ authenticated access capabilities enable a non-admin without disclosing a cohort (1.1848ms)
✔ an unreleased local build identity cannot satisfy deployment readiness (0.1957ms)
✔ automatic Generate creates one V2 selection root rather than enumerating candidates (0.8924ms)
✔ Generate and Issue confirmation reject a missing signed snapshot before root creation (2.5085ms)
✔ V8 routes fail closed when the native document processor is not ready (1.1901ms)
✔ invoice save edits accepts the compact invoice_apply_edits result contract (31.9898ms)
✔ invoice source edits fail closed before mutation when the queue contract is unavailable (34.0349ms)
✔ invoice detail enriches legacy evidence with V8 asset readiness (33.476ms)
✔ weekly electronic and QR paths use only contract display_site for Site / Ward (35.6493ms)
✔ invoice mail preparation contains no legacy PDF rendering fallback (28.5398ms)
✔ invoice summary projection uses only installed document authority and exposes no storage key (36.2454ms)
✔ electronic timesheet submission freezes verified signature hashes (31.968ms)
✔ manual and QR timesheet viewing prepares the exact signed source asset before rendering (1.2953ms)
✔ QR scan acceptance queues its signed source and exposes no storage key (32.0299ms)
✔ HealthRoster invoice support obeys effective attachment policy and renders frozen source rows (4.6629ms)
✔ planned manual details returns a guarded contract-week authority and explicit process permission (5.517ms)
✔ planned draft save is atomic and fails closed without the expected signature (6.4544ms)
✔ planned Process requires a signature while physical-timesheet guards remain separate (2.705ms)
✔ atomic planned draft RPC locks, compares, updates, and returns the next signature (2.2305ms)
✔ post-commit wake helper requests one bounded global nudge only when lifecycle truth changed (14.8249ms)
✔ post-commit wake helper never converts a completed lifecycle mutation into an HTTP failure (8.6497ms)
✔ mutation change classifier wakes for confirmed and ambiguous successes but not explicit no-op or failure (8.0813ms)
✔ internal bulk suppression is capability-based and cannot be requested through browser-shaped data (19.0756ms)
✔ selected bulk paths suppress per-item wakes and own exactly one post-commit wake (24.0167ms)
✔ ten committed bulk items produce one chunk-owned wake and no per-item wake ownership (17.0414ms)
✔ partial-success chunk wakes once while all-failed chunk does not nudge (35.3347ms)
✔ chunk requests its wake even when operation-item bookkeeping fails after lifecycle commit (15.1037ms)
✔ individual and correction-pair gold paths preserve one wake unless trusted bulk suppression is present (15.4877ms)
✔ router supplies execution context to all lifecycle wake-owning routes (17.1784ms)
✔ cron requests existing bounded continuation only for safe progress with more due (15.5765ms)
✔ official week period supports every configured ending weekday (2.4944ms)
✔ official hours wording uses complete grammatical sentence-case English (0.5419ms)
✔ logos and signatures are fitted without changing their aspect ratio (0.4887ms)
✔ TSQ1 extraction preserves the established token field and signature input (14.4599ms)
✔ V2 contract validates the Saturday-ending Sunday-to-Saturday form (3.1971ms)
✔ manager-review timesheet requires only the Candidate signature and renders one official page (68.8697ms)
✔ official renderer emits exactly one A4 landscape page with additional units (16.2272ms)
✔ declaration capacity accepts an exact nine-line readable fit (11.3114ms)
✔ signature dates are drawn above their date lines (2.1192ms)
✔ signature images are the final visual layer inside each declaration box (1.6299ms)
✔ QR forms retain the centre QR panel while electronic forms expand both detail boxes (57.7275ms)
✔ dense supported form selects a readable compact mode without omitting rows (19.2712ms)
✔ impossible one-page fixture fails instead of truncating or spilling (1.9621ms)
✔ layout selection preflights horizontal cells and retries a smaller readable mode (10.6043ms)
✔ persisted official timesheet PDF bytes are deterministic across wall-clock time (1111.1569ms)
✔ wrapped wording preserves an unbroken long token without overflow or truncation (27.2339ms)
✔ HealthRoster V2 rejects ambiguous references and accepts one exact match (0.5349ms)
✔ new invoice plans omit attachment indexes and use official timesheet V2 (6.8496ms)
✔ QR enqueue creates V8 document work and never creates legacy PDF-outbox work (10.793ms)
✔ timesheet invalidation includes QR printable identity (3.1422ms)
✔ snapshot freezes dynamic week, canonical references, complete units and HealthRoster V2 (3.0019ms)
✔ settings wording changes participate in invoice candidate revision (1.1095ms)
✔ TEST keeps function-manifest enforcement off while the default remains on (2.1891ms)
✔ planner V2 installer references both canonical planner definitions (1.8458ms)
✔ material reference and location edits invalidate and queue exact replacements once (3.9063ms)
✔ source-edit payloads are allowlisted and never replace SEGMENTS schedules (3.2091ms)
✔ source-edit invalidation uses a transaction-local exact-once marker (1.7055ms)
✔ invoice line reference cache uses invoice-owned financial segments (3.1638ms)
✔ invoice detail exposes direct timesheet hospital and ward source values (2.3525ms)
✔ atomic source-edit installer references exactly the four canonical definitions (2.4015ms)
✔ refs, ward and selective numbering installer references every canonical authority (2.0391ms)
✔ reference invalidation installer references the canonical invoice edit definition (2.1493ms)
✔ invoice edits contain the complete supported add-timesheet implementation (4.8135ms)
✔ residual source-edit installer references exactly the four canonical definitions (2.5429ms)
ℹ tests 632
ℹ suites 0
ℹ pass 632
ℹ fail 0
ℹ cancelled 0
ℹ skipped 0
ℹ todo 0
ℹ duration_ms 4859.5066
