
> cloudtms-backend@1.0.0 test
> node --test tests/*.test.js

✔ exact hidden or blocked timesheet segments cannot emit Ready allocation children (2.966ms)
✔ missing and ambiguous exact identities still fail closed (1.7167ms)
✔ non-ready segment economics remain in protected presentation totals (0.6895ms)
✔ the correction does not redefine James rate or post-Draft owners (2.3435ms)
✔ full-source owner identity is economic and excludes diagnostic reason (2.435ms)
✔ one active full build covers every same-authority source-build reason (1.1706ms)
✔ published current full authority is a certified no-op (0.4492ms)
✔ older pre-invalidated backlog can only be absorbed by newer current authority (0.3592ms)
✔ diagnostic reasons merge onto the elected owner but never change its identity (0.8906ms)
✔ dirty apply resolves current authority before any public dirty marking (0.6635ms)
✔ durable continuation uses the existing bounded queue wake and cron remains fallback (15.1131ms)
✔ the correction does not modify economic, provider or settlement authority (1.287ms)
✔ resolved timesheet allocation children retain exact segment and rate-resolution authority (4.823ms)
✔ recovery overlay allocates canonical child components exactly and fails closed (4.414ms)
✔ same-session rebase is version-only, parity-fenced and preserves physical authority (1.4204ms)
✔ every mutating Cancel Resolution branch converges the new session version after the affected owner is proven (1.9438ms)
✔ candidate preview pages by effective section and exposes physical section only as a diagnostic (2.089ms)
✔ normal session preview page uses the same effective routing and suppresses dominated recovery carriers (2.1724ms)
✔ actionable taxable restructure is a read-time Cases authority even before a headroom overlay is refreshed (0.4201ms)
✔ the bounded fix does not redefine frozen James or post-Draft economic owners (7.4382ms)
✔ nullable pay methods fail with the typed James contract before SQL constraints (3.3596ms)
✔ physical baseline and reservation use sealed exact attribution without proportional allocation (1.5868ms)
✔ a sealed sole worked-time bucket can reconstruct an otherwise unfrozen parent charge exactly (1.4822ms)
✔ a sealed sole worked-time bucket receives an otherwise unallocated reservation exactly (0.9126ms)
✔ serializer and synchronizer share the defensive segment-key canonicalisation (1.3879ms)
✔ source build seals active item reservations and synchronizer replaces all live reservation workspaces (4.603ms)
✔ negative worked-time recovery preserves the unchanged fixed residual identity (1.488ms)
✔ paired negative hours use the preview builder signed delta contract without absolute-value drift (1.0205ms)
✔ authoritative source build passes the proven Workbench session to the saved-rate overlay (21.9579ms)
✔ signed finance recovery is non-allocative sealed movement evidence, not negative hours (0.9461ms)
✔ zero-outstanding sealed buckets remain audit evidence but are not required modal components (1.0114ms)
✔ negative preview metadata validates live truth before the sealed outstanding overlay (1.4503ms)
✔ missing preview components are bridged only by exact sealed physical buckets (16.6063ms)
✔ every additional-rate code is an independent physical rate identity (0.965ms)
✔ James proves source method at the exact economic key without changing the helper return contract (1.5714ms)
✔ reservation additional-code aggregation groups by the exact selected expression (0.8371ms)
✔ synchronizer proves singleton method cardinality before case persistence and never uses target as source (2.3438ms)
✔ replacement-session queue replay is service-role-only with an empty search path (1.9965ms)
✔ legacy job failure is service-role-only with an empty search path (0.7196ms)
✔ one-time migration installs the same two ACL and search-path boundaries (1.2434ms)
✔ authorised replacement-session wrappers retain postgres-owned definer execution (13.8294ms)
✔ service-owned failure paths remain connected after direct authenticated execution is removed (3.3526ms)
✔ empty-search-path functions schema-qualify every application relation and helper (3.1812ms)
✔ physical source publication identity is schema-backed and independently feature controlled (2.5313ms)
✔ one deterministic publication identity follows full, clone and targeted-delta physical sets (1.0193ms)
✔ Draft freeze and cancellation admission bind one exact physical publication (1.1659ms)
✔ same-authority build uniqueness is frozen when the economic build is inserted (0.3949ms)
✔ semantic V3 owner election precedes destructive refresh invalidation (3.5762ms)
✔ source-build claim cursors explicitly continue bounded scans after skip or wrap (0.2941ms)
✔ cancelled rows remain eligible but explicitly unticked across publication (0.343ms)
✔ Draft one-step RPC preserves existing business owners while removing HTTP fanout (7.9229ms)
✔ new helpers are catalogue-owned once and remain service/private only (1.0405ms)
✔ the orchestration patch does not change Policy X economics or provider authority (1.1009ms)
✔ canonical enqueue freezes live sequence authority and synchronises it before job publication (5.1766ms)
✔ orphan repair owns candidate serialisation and gives an obsolete generation a fresh successor (0.9232ms)
✔ claim-start preserves the stale-build fence and durably waits for a current successor (0.821ms)
✔ the correction does not alter Worker RPC fanout, nonce handling, or financial authority (9.774ms)
✔ expired exhausted delivery recognises an already-rebound current successor before orphan repair (1.8006ms)
✔ existing-successor shortcut preserves fail-closed postconditions and fallback repair (0.659ms)
✔ exhausted attempt convergence uses the candidate-state terminal vocabulary accepted by the schema (0.392ms)
✔ V2 schema accepts only certified clone or targeted delta terminal parity and remains disabled (1.6095ms)
✔ publisher keeps V1 strict and exposes only certified V2 clone or delta branches (0.515ms)
✔ progress accepts exact V1 or terminal V2 authority and blocks pending publication (0.3885ms)
✔ dirty lane leaves candidate lock ownership to processor and processor owns composite cursor (0.7812ms)
✔ historical reuse is bounded and target-date eligibility remains authoritative (0.2462ms)
✔ retired preview history is excluded only from the V2 target-date probe (0.2975ms)
✔ clone owner locks deterministic session union, fences, then uses V2 or semantic V3 publisher (0.1821ms)
✔ sealed delta remains non-ready until one atomic V2 or semantic V3 finaliser proves parity (0.6151ms)
✔ reconciliation version is frozen per build and optimisation remains pass-local (0.5201ms)
✔ exact import-family admission is weekly, complete, occurrence-aware and postgres-only (0.3132ms)
✔ ACL and catalogue verifier preserve least privilege and one manifest owner (0.4971ms)
✔ schema rollout is disabled and profile 1 by default (2.0099ms)
✔ new authority helpers are private, fail closed and inaccessible to application roles (1.2707ms)
✔ claim freezes one immutable execution profile and execute enforces it (0.3771ms)
✔ profile 1 remains the exact legacy owner and profile 2 packs bounded logical work (0.7843ms)
✔ stage and certified-publication finalisation share one rollback and failure owner (0.3473ms)
✔ profile 2 reconciliation reuses set-owned immutable workspace without changing effect attestation (3.9528ms)
✔ presentation allocation failure reports bounded aggregate categories only (4.5668ms)
✔ resolved presentation allocation keeps sealed source truth separate from target-valued rows (3.6276ms)
✔ semantic TS_DAY allocation rows preserve independent physical rate buckets on one date (4.581ms)
✔ resolved semantic allocation rows use the sealed target presentation amount (3.2451ms)
✔ canonical line conflicts expose bounded aggregate shapes without line identities (1.2711ms)
✔ correction residuals reuse only exact entitlement inputs inside one valid profile-2 build transaction (0.621ms)
✔ generated event parent UUIDs are removed only from digests while parent mapping remains exact (1.4477ms)
✔ simple lifecycle routing shares one proof and preserves full fallback (0.7435ms)
✔ newly eligible candidates use authoritative direct scope discovery then first full baseline (0.6861ms)
✔ bounded-source clone reuse requires one complete immutable publication proof (1.3984ms)
✔ clone execution preserves bounded canonical bytes and build identity while retaining full fallback (3.2419ms)
✔ sealed lifecycle output stages before one final proof and atomic promotion (0.9982ms)
✔ canonical refresh enqueue establishes the exact pending candidate-state publication owner (1.0752ms)
✔ public signatures and defaults remain unchanged (0.5399ms)
✔ bootstrap registry insertion uses one stable statement clock for lifecycle timestamps (1.7747ms)
✔ bootstrap lifecycle timestamps satisfy the installed terminal ordering constraint (1.8472ms)
✔ bootstrap remains bounded queue activation rather than direct financial execution (0.4051ms)
✔ D1 sealing cursors are valid only for their owning stage (2.669ms)
✔ D2 fact pages carry and verify a cumulative replay-safe chain (0.9353ms)
✔ D3 physical live-input pages precede durable derived-family paging (6.1662ms)
✔ D4 finance closure deduplicates frontier authority (0.7864ms)
✔ D5 component digests are derived internally (0.4382ms)
✔ D6 reconciliation consumes sealed facts and fences live metadata (6.2555ms)
✔ D7 pay-batch update and delete have statement backstops (0.9475ms)
✔ D8 fallback snapshots become typed facts with active precedence (1.1044ms)
✔ D9 bootstrap CLOSED requires zero-difference proof (1.438ms)
✔ D10 global facts are active and scoped (2.0651ms)
✔ D11 claim and recovery use durable keyset progress before exact row locks (0.9711ms)
✔ four source lanes retain throughput without concurrent reconciliation stampede (0.382ms)
✔ V1.2.8 physical additional identities are lossless and live dates fail closed (0.353ms)
✔ V1.2.9 finance movement discovery bounds every scope and safety branch before authority work (0.4525ms)
✔ V1.2.7 parent-child page boundaries retain every physical occurrence (2.1416ms)
✔ V1.2.7 durable scan generations reach an eligible row beyond blocked prefixes (0.395ms)
✔ D12 cleanup has a finite terminal state (0.7535ms)
✔ D13 terminal DEAD jobs detach before deletion (0.1384ms)
✔ D14 cascade suppression resolves child-row ownership (0.8678ms)
✔ D15 expected effects are sealed then independently observed (0.7609ms)
✔ V1.2.8 SQL artifacts use timestamped repository placement and one identity per function (36.517ms)
✔ schema surface is exactly nine private tables, 92 constraints and 55 indexes (2.4395ms)
✔ canonical staging identity is a PostgreSQL constraint with NULLS NOT DISTINCT semantics (0.7021ms)
✔ global finance-item authority is admitted by both fact and page ledgers (1.302ms)
✔ latest fact constraints retain both finance-item and sealed expected-effect authority (1.5574ms)
✔ private durable authority is not exposed to browser or service roles (2.5427ms)
✔ ordinary scope begins from active state and does not rediscover lifetime history (0.9158ms)
✔ dependency closure is uncapped and final sealing is bounded and metadata-only (1.33ms)
✔ fact collection and legacy bootstrap page independently of total candidate size (4.9053ms)
✔ every installed source-build enqueue writer creates the one permitted typed null-build job (6.0678ms)
✔ candidate-wide reconciliation stages privately and publication switches CURRENT authority atomically (2.1839ms)
✔ all 18 invalidation backstops and nine independent finance observers use one statement adapter (0.9777ms)
✔ scope invalidation uses one lifecycle timestamp for conflict-safe registry and state inserts (1.0407ms)
✔ a dirty-apply job reuses only its proved finalized scope generation (8.3756ms)
✔ a bootstrapped READY registry may be generation-dirty until its queued refresh publishes (0.6984ms)
✔ source publication evaluates each timesheet at its own dirty generation (0.5555ms)
✔ finance-effect observer compares temporary relation attributes using one text-array type (2.7382ms)
✔ finance-effect observer reports only bounded aggregate mismatch diagnostics (1.61ms)
✔ retained finance dirty triggers validate a sealed effect plan before finance DML (1.1828ms)
✔ V1.2.10 every family and unit transition produces a complete consumer-valid cursor (3.0207ms)
✔ V1.2.10 physical source continuation keeps projection transitions separate from raw lookahead (0.7109ms)
✔ V1.2.10 reservation and linked-item frozen documents are independent authority sources (1.4549ms)
✔ V1.2.10 private presentation state retains zero-net and indefinite-snooze targets before public suppression (0.6277ms)
✔ V1.2.10 preserves public function signatures and defaults (0.2571ms)
✔ V1.2.11 preserves every component-key alias as an independent assertion (2.0154ms)
✔ V1.2.11 public timesheet rollups derive from emitted public timesheet lines (0.6062ms)
✔ V1.2.11 executable verification covers alias conflicts and hidden public-state parity (0.4449ms)
✔ V1.2.11 preserves function signatures, ownership and Policy X boundary (0.4079ms)
✔ V1.2.16 settled rotation evidence selects frozen ownership only inside one sealed unit (0.6542ms)
✔ V1.2.16 ownerless terminal history remains explicit evidence and cannot bypass active authority (0.6914ms)
✔ V1.2.8 lossless additional keys survive case, whitespace and page boundaries (3.3091ms)
✔ V1.2.8 raw bundle evidence cannot certify an unresolved occurrence (0.6945ms)
✔ V1.2.8 fallback occurrence CTEs name ex-VAT and inc-VAT columns independently (0.8257ms)
✔ V1.2.8 canonical multiplicity is checked per stable line before split collapse (0.5185ms)
✔ V1.2.8 durable keyset reaches work beyond any locked bounded prefix (0.7763ms)
✔ V1.2.9 preserves the complete Version-2 cursor before predecessor hashing (1.2133ms)
✔ V1.2.9 finance discovery is a bounded keyset merge with an independent raw bundle (1.2865ms)
✔ V1.2.9 finance component and key identity is fail-closed before fact acceptance (0.2452ms)
✔ V1.2.9 projects a captured finance movement through sealed family membership exactly once (0.3389ms)
✔ V1.2.9 canonical attestation distinguishes private truth from exact presentation allocation (1.372ms)
✔ late authority restores the complete protected canonical presentation graph (1.8271ms)
✔ public eligibility remains downstream of protected state construction (1.1468ms)
✔ late authority reasserts the focused continuation owner after historical omnibus files (2.4462ms)
✔ repair is limited to unattempted malformed continuations and proves exact live authority (0.593ms)
✔ late authority reasserts the focused fail-job owner after historical omnibus files (2.9409ms)
✔ source-build retry cannot leave a private STARTED attempt behind (1.1778ms)
✔ deterministic semantic publication failure terminalises once and proves the replacement owner atomically (0.7039ms)
✔ obsolete source-stage completion also converges scope currentness before returning (0.848ms)
✔ orphan repair is bounded to expired deterministic source-stage failures (1.2436ms)
✔ late authority restores both finance-effect proposal triggers (1.8412ms)
✔ restored trigger owners retain the existing Policy X and ACL boundary (3.1798ms)
✔ TEST enablement is singleton, versioned, and fail-closed (2.3241ms)
✔ late authority reasserts the profile-2 source-build owner after historical omnibus files (3.021ms)
✔ capture is durably sealed before execute and does not weaken Policy X (1.3413ms)
✔ candidate material work does not exclusively lock the shared session row (1.2723ms)
✔ RPC 1 validates the shared session without serialising candidate lanes (0.6602ms)
✔ reservation paging seals the normal active-item domain once and preserves cursor authority (1.6796ms)
✔ clone repair reproduces the enqueue authority fingerprint and compares all four authority fields (0.5973ms)
✔ exhausted delivered attempts compose the existing repair owner and prove public convergence (1.446ms)
✔ timesheet lifecycle nudges debounce and execute without waiting for cron (5.6385ms)
✔ one valid claim delivers exactly one exact execute and returns no nonce (31.0831ms)
✔ four-lane runtime reserves a bounded three-second RPC 1 response window (33.5327ms)
✔ bounded durable Workbench wakes continue a successful nudge without enabling payment continuations (13.6388ms)
✔ no claim stops after RPC 1 (24.4227ms)
✔ durable claim-scan progress remains explicit and never invokes RPC 2 (56.3135ms)
✔ lane scan ownership and durable cursor movement are retryable within bounded drain budgets (27.8375ms)
✔ uncertain or malformed claim never invokes RPC 2 (53.6136ms)
✔ actual RPC 1 non-success bodies never enter claim-uncertain results, aggregation or logs (207.4119ms)
✔ no-claim result codes are restricted to the database-owned allowlist (157.1611ms)
✔ insufficient preflight budget performs no RPC (30.4299ms)
✔ runtime loss after RPC 1 leaves the durable attempt for recovery and skips RPC 2 (35.8971ms)
✔ execute transport loss is not retried and mixed-case nonce diagnostics are recursively redacted (35.234ms)
✔ central source-build diagnostic scrubber redacts nonce keys, nested values and mixed case before truncation (17.9859ms)
✔ complete successful post-claim result is nonce-safe before aggregation and logging (78.7559ms)
✔ diagnostic scrubber redacts object keys, custom Error fields and underscore-adjacent UUID rejection text (17.8314ms)
✔ UUID canonicalization makes session worker, lane and single-flight identities case invariant (2.1381ms)
✔ uppercase candidate and session filters accept canonical PostgreSQL claim identity exactly once (63.5171ms)
✔ database-owned stage failure is a valid terminal response and is not retried (24.9883ms)
✔ source-build burst uses the two-call helper while preserving parallel settlement and normal fairness (17.0606ms)
✔ source-build parallelism defaults fail closed to one while explicit zero and configured values remain supported (38.5301ms)
✔ cron and nudge preserve database-owned stable worker and lane identities across every outer phase (33.4306ms)
✔ only the minute schedule owns Banking Pay cron lanes (19.092ms)
✔ database-owned Worker runtime settings are not silently clamped below the configured reconciliation window (17.9025ms)
✔ terminal reconciliation calibration remains statement- and lease-bounded (1.8426ms)
✔ accepted four-lane 32-burst profile remains inside the proved transaction envelope (1.3382ms)
✔ runtime version advertises the bounded-scope Stage 2 source marker (27.3857ms)
✔ RPC 1 is service-role-only metadata claim/start with a concrete durable attempt (11.5064ms)
✔ initial source-build jobs are the only null-build jobs and RPC 1 assigns build identity before return (1.6506ms)
✔ fact-page completion and creation use one database timestamp (0.8595ms)
✔ post-seal bootstrap progress preserves the immutable terminal seed cursor (1.1137ms)
✔ reconciliation scale authority is fail-closed and the calibration envelope is complete (2.5116ms)
✔ RPC 1 attempt start, creation, update and lease use one ordered timestamp authority (0.7349ms)
✔ RPC 2 executes only the exact current nonce and fails closed without mutating stale delivery (0.855ms)
✔ RPC 2 uses fixed lock order and a final 500ms lease/generation fence (0.5415ms)
✔ RPC 2 final fence accepts only the exact atomically published terminal authority (1.1302ms)
✔ RPC 2 absorbs transient candidate contention inside a bounded execute window (1.163ms)
✔ caught stage failure rolls back the inner work and leaves durable failure handling to the outer transaction (0.6236ms)
✔ material completion and retry paths are fenced by immutable attempt evidence (0.587ms)
✔ terminal material completion reaches public successful-source reconciliation (15.5483ms)
✔ expired delivered attempts wait for cancellation grace and receive a new nonce on retry (0.58ms)
✔ legacy combined drain cannot execute material source-build work (0.5317ms)
✔ attempt nonce never appears in diagnostic error payload construction (0.6199ms)
✔ Candidate password verifiers accept the exact password and reject a different password (136.9628ms)
✔ challenge delivery tokens are stable for an idempotent replay and scoped to its identity (10.2876ms)
✔ challenge replay validates changed factual input before reconstructing its token (51.4433ms)
✔ challenge replay reads its recorded token version across writer rollback and honours reader retirement (18.4737ms)
✔ an enumeration-masked challenge result replays without requiring retired token material (4.0291ms)
✔ private challenge resend exposes durable throttle receipts as HTTP 429 (10.0058ms)
✔ Candidate payload validation rejects canonical financial truth but accepts factual claim amounts (2.2255ms)
✔ explicit no-break input is represented as zero minutes with no interval (0.6704ms)
✔ blank or null break values are not silently converted into a no-break declaration (0.3664ms)
✔ Candidate route matching decodes stable path parameters and rejects partial paths (0.5907ms)
✔ timesheet page boundary defaults to Current and validates the explicit History view (10.115ms)
✔ timesheet detail aliases pass one exact server identity to the shared detail RPC (3.5284ms)
✔ rejected resubmission is a thin adapter over the atomic source-bound database action (10.7779ms)
✔ public reminder stays REMIND and cancellation requires and forwards a reason (8.1142ms)
✔ Candidate workflow mutation requires a caller key and an exact WORKER_SUBMIT replay skips mutable enrichment (6.3952ms)
✔ Candidate HTTP boundary ignores unrelated routes and fails protected routes closed (1.057ms)
✔ normal CloudTMS office audience cannot expose Candidate or manager public routes (1.2159ms)
✔ normal office Candidate endpoints enforce exact methods and use one service adapter call (1.9556ms)
✔ office batch projection is bounded and never fans out into per-row RPC calls (1.2574ms)
✔ office route confirmation requires a caller-owned UUID before any mutation RPC (1.3344ms)
✔ office rejection requires a bounded reason before the canonical confirmation call (3.1664ms)
✔ office errors use stable aliases without changing underlying lifecycle codes (0.4188ms)
✔ office W07 route preview returns the server-owned reject-versus-manual decision only for a Candidate scope (7.7011ms)
✔ office W07 route preview fails closed when Candidate scope authority is unavailable (0.9374ms)
✔ office PAPER history uses the preceding immutable delivery generation and retained receipt (1.1182ms)
✔ office cancel manager request maps to request-only authority and preserves the typed reason (2.4523ms)
✔ office phone review sends only declared typed fields to the service adapter (6.7679ms)
✔ office signature preparation binds the exact phone request and returns an office upload route (23.4784ms)
✔ office reminder batch execute remains one browser operation with server-owned reminder material (7.5545ms)
✔ office reminder eligibility is server-owned, eligible-only and paginated (9.6834ms)
✔ office reminder catalogue filters by Candidate surname and sorts every matching page (45.1013ms)
✔ office reminder catalogue limit counts eligible rows rather than all pending EMAIL requests (162.0795ms)
✔ office reminder catalogue fails closed before an unbounded pending-request scan (45.298ms)
✔ office reminder all-eligible selection is resolved across the complete server catalogue (22.0918ms)
✔ office reminder exact selection replay is returned before eligibility is recalculated (4.6661ms)
✔ paper pack responses never expose an R2 storage identity (0.3675ms)
✔ component upload tickets are encrypted and do not disclose the R2 key (3.1148ms)
✔ component validation accepts one-page PDFs and rejects mixed multi-page evidence (34.9267ms)
✔ component validation rejects malformed images and encrypted-PDF markers (0.4415ms)
✔ immutable generated documents use create-only storage and permit only same-digest replay (2.1739ms)
✔ idempotent component preparation always uses the original database-owned object identity (1.2398ms)
✔ paper mileage form preserves the approved labels and UK week-ending format (58.4421ms)
✔ persisted expense and mileage PDFs are byte-deterministic across wall-clock time (1150.5243ms)
✔ expense summary rendering fails closed without the frozen canonical display total (0.8361ms)
✔ frozen branding ignores later live settings and validates its immutable contract (1.8988ms)
✔ live branding is copied once to a content-addressed immutable logo key (2.9796ms)
✔ document registration recovers after R2 success without rerendering a different object (8.7228ms)
✔ complete paper pack retry reuses the same deterministic object and digest (1113.0797ms)
✔ paper pack readiness is a read-only durable-object receipt check (2.9708ms)
✔ paper pack receipt rejects malformed hashes, generation and page-count metadata (1.0426ms)
✔ paper pack release never requeues a failed mail operation (1.0455ms)
✔ paper pack release rejects a missing outbox before creating a readiness notification (0.5221ms)
✔ paper pack release is insert-once and preserves an existing notification lifecycle (1.3091ms)
✔ paper pack notification replay never resets terminal read or push states (0.734ms)
✔ paper pack release does not notify when the guarded attachment update loses its race (0.3905ms)
✔ paper pack release installs the exact complete pack before notification (0.4049ms)
✔ paper outbox binding is already atomic and the backend only adopts the exact held row (0.4542ms)
✔ paper pack release rejects an already claimed held email before PATCH or notification (0.3471ms)
✔ paper-pack scheduler proves the exact held email before any R2 pack work (1.3226ms)
✔ paper-pack scheduler durably records a classified retryable storage failure (5.9157ms)
✔ Candidate auth/account mutation routes reject a missing caller idempotency key before work (5.8523ms)
✔ failed login lost-response replay does not advance the lockout counter twice (49.2405ms)
✔ unknown-account login owns a durable generic failure receipt and changed email conflicts (24.8746ms)
✔ concurrent activation, login and refresh return the database winner refresh token (83.5406ms)
✔ concurrent logout and password change recover the durable result after mutable preconditions move (120.5042ms)
✔ selected-candidate precondition recovery returns the same frozen access credential (3.7971ms)
✔ push registration replay hashes semantic token identity rather than randomized ciphertext (5.2878ms)
✔ Candidate OpenAPI requires caller idempotency for every auth and account mutation (1.7689ms)
✔ notification read acknowledgement has one durable timestamped result and conflicts on changed identity (4.1514ms)
✔ refresh lost-response replay returns the same successor token and a new key retains theft detection (4.6644ms)
✔ phone handoff replay freezes key versions and conflicts on changed public session, device, or generation (7.5146ms)
✔ finalisation probes its durable key receipt before current approval history (3.1186ms)
✔ a pending source document remains PREPARING after its observation deadline without claiming an attempt (1.4099ms)
✔ Office PAPER retry recovers an expired executor lease with a new inner attempt key (4.8979ms)
✔ paper outbox binding rejects missing, opted-out or otherwise unavailable email delivery (0.4869ms)
✔ QR pack public response never defaults a missing queue result to accepted (0.1009ms)
✔ paper outbox adoption rejects an immediately due base-PDF row (0.5226ms)
✔ paper workflow multiplicity is checked before every document-state early return (2.3272ms)
✔ private manager routes reject wrong HTTP methods before any RPC mutation (1.2303ms)
✔ public Candidate workflow actions exclude service finalisation (2.7413ms)
✔ public workflow responses omit renderer contracts and canonical financial internals (0.4092ms)
✔ official review presentation is frozen from authoritative CloudTMS display rows (0.353ms)
✔ background approval work is isolated and reports a bounded failure without rejecting waitUntil (0.4135ms)
✔ fifty simultaneous manager follow-on tasks settle independently (0.6213ms)
✔ a complete paper return immediately advances through canonical finalisation (0.2164ms)
✔ a paper finalisation blocker preserves RECEIVED and returns a controlled retry state (0.3215ms)
✔ mixed challenge writer versions always deliver the database-winning START and RESEND token (247.1309ms)
✔ mixed authentication writers hash an identical request under one reserved key version (90.3621ms)
✔ a reserved authentication request version fails closed after deliberate reader retirement (1.7957ms)
✔ a private Worker fails closed when the database has not acknowledged version reservation (1.4698ms)
✔ activation, refresh and authenticated account mutations share the reserved version (86.9925ms)
✔ mixed PHONE writers return only the database-winning handoff token (30.1629ms)
✔ refresh-token-reuse security response is replayed without re-evaluating revoked state (11.6821ms)
[BOOT] worker version 2025-11-13-unplan-log
✔ public broker source has no Supabase, R2 or CloudTMS business-authority dependency (16.9166ms)
✔ public broker rejects an unexpected browser origin before private API access (61.3584ms)
✔ browser preflight is exact-origin and never wildcard (3.2775ms)
✔ public wrapping secrets and database-safe device versions are proved before private mutation (30.3638ms)
✔ deterministic v2 broker envelopes retain v1 read compatibility and reject tampering (14.268ms)
✔ versioned public credentials write v4, retain v1/v2/v3 readers and authenticate their key version (43.2427ms)
✔ challenge start hides Candidate eligibility and account state (266.0639ms)
✔ public challenge contract rejects invalid keys, preserves conflicts, and masks only eligibility (1579.6258ms)
✔ public challenge resend exposes durable private throttles and preserves retry timing (523.6689ms)
✔ public logout unwraps the private bearer and replays one durable private mutation (31.9083ms)
✔ public broker wraps private Candidate tokens and signs the service-bound request (6.7451ms)
✔ public login and password completion return byte-stable credentials after a lost response (17.9039ms)
✔ real public broker and private API replay one durable login, activation and refresh result (96.3698ms)
✔ public Candidate access is unwrapped only for the private service call (3.9313ms)
✔ public refresh envelope preserves private refresh rotation without exposing it (6.1932ms)
✔ public refresh returns the same successor credentials on an exact retry (10.2809ms)
✔ OpenAPI public path inventory and pagination names match the private router (3.3179ms)
✔ public broker rejects wrong manager methods before the private service binding (3.525ms)
✔ candidate selection never exposes or substitutes the private database session identity (9.1503ms)
✔ same-phone manager handoff is broker sealed and bound to the initiating public session and device (21.5803ms)
✔ device registration never forwards the raw push token to CloudTMS private API (10.5116ms)
✔ full public push replay accepts the same raw token and conflicts on a changed token (27.6382ms)
✔ public rate limits fail closed before private work (0.9091ms)
✔ service request authentication detects body tampering and stale timestamps (3.8489ms)
✔ private Worker has no public Candidate route and requires a signed service request (2.9022ms)
✔ normal CloudTMS Worker rejects public Candidate routes before global preflight (4.0826ms)
[BOOT] worker version 2025-11-13-unplan-log
✔ Phase 1A route catalogue exactly matches all 24 merged-R5 Daily operations (5.4219ms)
✔ all 25 Daily/bootstrap error matrices are exact and every encoder output is closed-schema (24.9373ms)
✔ public Daily response boundary rebuilds only allowed errors and rejects private leakage or drift (65.023ms)
✔ single policy authority preserves bootstrap and fails each Candidate surface input closed (0.7348ms)
✔ bootstrap is additive, keeps accepted legacy daily entitlement and remains globally disabled (0.5914ms)
✔ candidate correlation and idempotency middleware implement the closed R5 rules (6.304ms)
✔ public Daily transport enforces 32 KiB bodies and route-specific idempotency while dark (11.9745ms)
✔ Candidate JSON framing rejects under-declared and over-declared Content-Length exactly (2.7189ms)
✔ all Daily browser-side 403 paths remain public 403 FORBIDDEN errors (7.1751ms)
✔ unchanged R5 query and raw-parser corpus passes production Worker canonicalization (4.5966ms)
✔ unchanged R5 positive vectors match production Worker prefix/message/hash/HMAC bytes (20.746ms)
✔ actual private Worker verifier accepts valid signed requests and rejects transport nonce replay (9.6402ms)
✔ nonce retention is at least 600 seconds from server consumption at both clock-skew edges (5.5148ms)
✔ actual private Worker verifier fails closed for body, key, timestamp, query and configuration drift (9.9677ms)
✔ all unchanged R5 negative vectors are rejected by the production parser/verifier boundary (34.2987ms)
✔ Phase 1A candidate and signed-system dispatch is present but dark and effect-free (3.4677ms)
✔ actual bootstrap/private dispatch preserves baseline and adds only disabled Daily capability (10.2152ms)
✔ signed Google system request crosses public broker and private service once, stays dark, and rejects nonce replay (196.2731ms)
✔ signed-system public edge generates a valid correlation for missing/invalid input and never calls private (5.9965ms)
✔ signed-system pre-auth limiter cannot be bypassed by rotating unverified key IDs (360.1885ms)
✔ Fetch-normalized duplicate signed headers are rejected by the real public/private path (6.2145ms)
✔ R8 bootstrap preserves the database-owned Daily capability and fails unreadable authority closed (2.9583ms)
✔ R8 tiles dispatch returns exactly fourteen database-owned tiles through the strict envelope (109.7563ms)
✔ R8 availability command freezes one caller key and emits replay only from the durable owner (4.4296ms)
✔ R8 Candidate commands preserve stable conflict details and the operation-specific refresh contract (5.0672ms)
✔ R8 strict success authority rejects malformed cohorts, freshness, and action locators (18.253ms)
✔ R8 specialist seam passes only typed facts and reconstructs a closed success envelope (2.8071ms)
✔ R8 specialist seam rejects unapproved request keys and malformed provider responses (4.098ms)
✔ R8 Candidate external-effect responses remain exact, replayable and candidate-bound (2.2238ms)
✔ R8 public success boundary rebuilds approved fields and rejects leakage (17.8002ms)
✔ R8 signed-system operation mappings and strict body validators cover every Phase 2 RPC seam (4.5319ms)
✔ Phase 2 installs exactly the approved twelve-table authority and no legacy browser session (4.1141ms)
✔ Phase 2 exposes exactly thirteen service RPCs and keeps all direct roles closed (7.8129ms)
✔ authority mode and freshness remain single-owner and fail closed (1.3709ms)
✔ authority transition derives every cutover and rollback barrier inside the locked database owner (5.2991ms)
✔ Candidate runtime workflow installs Phase 2 schema then RPCs before dependent reads (1.3104ms)
✔ certified rollback sources retain the independently recorded SHA-256 authorities (9.133ms)
✔ Availability revised Code.gs differs from certified source only at the approved Phase 3 seams (183.8005ms)
✔ Master Rota revised Code.gs adds only the post-legacy mirror seam and preserves the operator setup utility (164.2747ms)
✔ false or missing bridge flag is a hard no-op in Availability helper (9.5732ms)
✔ false or missing bridge flag is a hard no-op in Master Rota helper (9.9444ms)
✔ Master Rota never advances CloudTMS when the primary Availability publication was not accepted (1.9701ms)
✔ Apps Script HMAC implementation matches frozen R5 UTF-8 canonicalization vector (4.3697ms)
✔ source-link identity HMAC is deterministic, bounded and never transmits the raw public ID (2.7728ms)
✔ legacy availability sends only durable applied non-deferred rows (3.2665ms)
✔ legacy availability all-accepted result preserves every durable accepted row (2.6503ms)
✔ legacy availability all-rejected result performs no identity, state, log or network work (2.1342ms)
✔ queued Availability rows mirror only after flush writes and lock release (25.1405ms)
✔ STATUS_CHECK contract responses retain the operation and invoke exact status (7.3366ms)
✔ explicit REFRESH and DO_NOT_RETRY errors are terminal but malformed 409 is retained (7.6259ms)
✔ legacy availability uncertainty retains one operation and consumes at most one exact retry (6.1539ms)
✔ Master Rota generation builder emits every eligible TEST row without a candidate-specific limit (11.9816ms)
✔ Phase 3 code preserves orphan ai_startDailyPings state and introduces no trigger owner (22.3628ms)
✔ copy/paste source is unredacted and contains no secret values or placeholders (27.5228ms)
✔ R13 deliberately has no candidate-specific or cohort allowlist in the runtime source (3.5297ms)
✔ four ordinary items are stored in property values below the 7 KB safety ceiling (28.5578ms)
✔ fifty items reassemble byte-for-byte with one frozen batch identity (619.2065ms)
✔ store capacity is checked before any bridge POST or durable event is admitted (72.6485ms)
✔ oversized collections are partitioned below both item and route byte limits (610.8446ms)
✔ a single item above the route safety limit fails before state or POST (29.167ms)
✔ BATCH_IN_PROGRESS is retained and never classified as completion (4.3162ms)
✔ unknown malformed 409 is retained fail closed (3.6227ms)
✔ uncertain 429 retains the exact frozen operation (3.6889ms)
✔ uncertain 500 retains the exact frozen operation (3.664ms)
✔ uncertain 503 retains the exact frozen operation (3.8228ms)
✔ uncertain -1 retains the exact frozen operation (7.6229ms)
✔ uncertainty and a later event reuse the exact body, batch, key and correlation even after eight days (4.5445ms)
✔ two-batch event does not complete until every frozen batch succeeds (158.0523ms)
✔ SOURCE_EVENT_CONFLICT is an explicit terminal rejection, not success (164.5394ms)
✔ GENERATION_INCOMPLETE is an explicit terminal rejection, not success (136.1546ms)
✔ corrupt chunk fails closed and cannot be replaced with a newer event (12.7703ms)
✔ a later accepted legacy event recovers pending state and does not build a replacement event (5.5293ms)
✔ orphaned body chunks are cleaned only when no pending index owns them (1.573ms)
✔ Candidate HTTP enrichment is stable and signing time is an explicit factual input (9.8806ms)
✔ finalisation probes the durable receipt before mutable lifecycle validation (1.1503ms)
✔ PAPER execution has one database-owned attempt lease, backoff and terminal stop contract (1.2794ms)
✔ PAPER preparation records an observation deadline without claiming an execution attempt (1.5432ms)
✔ Candidate mutations require caller-owned keys and replay probes precede mutable enrichment (0.4592ms)
✔ manager mutation identity excludes generated delivery values (1.5775ms)
✔ canonical rejection replay is bound to the complete request after a key lock (0.4282ms)
✔ Office PAPER retry responses never expose complete-pack storage keys (0.4083ms)
✔ manager provider handoff obtains one exact database submit permit (5.6252ms)
✔ withdrawal permit remains bound to its terminal request generation (0.8648ms)
✔ manager provider handoff rejects stale identity or generation receipts (7.4613ms)
✔ manager provider handoff fails before RPC for retired or malformed binding (1.0561ms)
✔ ordinary non-manager mail bypasses manager provider authority (0.5547ms)
✔ normal mail handoff composes manager permit before the external provider call (54.8856ms)
✔ office OpenAPI and normal backend expose the same exact method/path inventory (17.891ms)
✔ office contract preserves bounded projection and server-owned reminder batching (6.6947ms)
✔ Office projection SQL preserves DAILY timesheet-only identity without weakening WEEKLY exactness (4.0475ms)
✔ durable reminder batch PARTIAL and FAILED outcomes remain successful structured results (2.1517ms)
✔ invoice row projections expose the office expense-email diagnostic without changing authority fields (1.95ms)
✔ Office Authorise uses canonical processing authority and no legacy QR veto (10.4521ms)
✔ Processing Status exposes only the agreed operational catalogue (1.915ms)
✔ complete signed QR return remains the prerequisite to Candidate finalisation (1.9901ms)
[BOOT] worker version 2025-11-13-unplan-log
✔ Timesheet Summary embeds bounded exact Candidate projections before returning rows (6.956ms)
✔ Timesheet Summary resolves Manual and import-authoritative routes as immediate blanks without projection work (3.0924ms)
✔ Candidate Office applicability trusts the exact row route before contradictory broad route-family hints (0.4635ms)
✔ Candidate Office marks Manual and import rows across nested non-Summary response shapes (1.0541ms)
✔ Timesheet Summary embeds a safe row-level error and never starts browser hydration (0.7799ms)
✔ normal TEST Worker supplies the Candidate Office environment authority (1.6523ms)
✔ PAPER preparation atomically composes the canonical held-mail authority (5.3013ms)
✔ QR enqueue atomically owns Candidate PAPER mail identity and hold state (9.6969ms)
✔ ordinary QR document completion cannot release a Candidate-bound mail row (0.8296ms)
✔ mail claim fails closed until the exact complete Candidate PAPER pack is ready (1.5948ms)
✔ PAPER release is a service-only atomic workflow action and the backend is only an adapter (1.8255ms)
✔ single-workflow and source-set retirement close mail, notification and QR authority for every caller (17.7319ms)
✔ provider handoff obtains an atomic submit permit before external submission (7.6299ms)
✔ Candidate PAPER hashing resolves pgcrypto exactly as the TEST schema exposes it (7.0379ms)
✔ whole-record rejection transitions the exact target-or-anchor workflow set (1.6184ms)
✔ fresh PAPER generations own fresh delivery, QR and document identities (4.6868ms)
✔ Candidate mail claim revalidates current workflow generation, route, state and manifest (0.5976ms)
✔ provider handoff obtains one atomic database submit permit (7.99ms)
✔ provider handoff fails closed when the atomic permit is refused or stale (2.4629ms)
✔ provider handoff rejects a permit receipt for another workflow (0.5144ms)
✔ provider handoff fails before the permit RPC for invalid binding or environment (0.6956ms)
✔ ordinary non-Candidate mail bypasses Candidate provider authority (0.3712ms)
✔ invoice V8 SQL files use the required timestamped naming convention (7.9814ms)
✔ V8 runtime authorities do not delegate to preserved legacy copies (36.3589ms)
✔ selection V2 enforces exact selectors and bounded explicit keys (2.5272ms)
✔ SUMMARY group selectors are canonical, bounded, and authoritative (12.8603ms)
✔ timesheet presentation uses authoritative schedule and authorisation fields (5.7455ms)
✔ Batch Generate creates invoice records only while Batch Issue accepts document preparation (40.8642ms)
✔ invoice presentation consolidates import support and exposes complete commercial line columns (3.2314ms)
✔ invoice presentation maps authoritative NHSP import fields into readable support rows (5.5067ms)
✔ candidate snapshots are Vault-backed, signed, and verified in DB (4.2484ms)
✔ canonical hashes and candidate trigger projections are locked artifacts (6.6046ms)
✔ strict query validation and post-helper trigger installation are present (8.0924ms)
✔ manifest carriers remain hidden until bounded release (10.7383ms)
✔ direct Issue and Delivery carriers are committed claimable members (9.6695ms)
✔ direct Delivery carriers preserve routing and bind request correlation to the chunk (3.1253ms)
✔ result paging is direct, bounded, and revision-gated (1.5652ms)
✔ batch operation control does not preload a capped current-chunk graph (2.477ms)
✔ operation-control retry installer references the single canonical function authority (4.3898ms)
✔ operation control replacement hashing uses the fixed extensions schema (1.488ms)
✔ batch rollup qualifies output-column names inside SQL statements (1.4383ms)
✔ operation control has durable database idempotency receipts (17.5684ms)
✔ operation-control receipts are excluded from candidate revision authority (1.9727ms)
✔ candidate PAGE selects bounded keys before expensive hydration (10.0215ms)
✔ Batch Generate and Batch Issue classify PAGE-family requests exactly once (9.6737ms)
✔ V8 rollup exposes the complete manifest and commercial contract (6.2918ms)
✔ Issue finalisation locks invoices deterministically and keeps delivery separate (2.7717ms)
✔ timesheet presentation uses authoritative schedule and authorisation fields (3.482ms)
✔ document manifest planning freezes snapshot and manifest in one version update (3.9261ms)
✔ invoice source chunks keep the electronic timesheet template identity (6.1158ms)
✔ attachment-index render passes carry their frozen presentation identity (8.8315ms)
✔ document merge retry requeues the plan into the implemented wait-for-merge phase (2.7872ms)
✔ merge and verify processor contexts carry frozen document identity (1.6495ms)
✔ presentation authority repeatable defers safely instead of failing CI while work is active (9.8455ms)
✔ invoice presentation rows freeze each source timesheet week ending for the v2 table (2.0859ms)
✔ invoice-professional-v2 identity is propagated through every invoice document entry point (13.647ms)
✔ week-ending document identity installer references each changed nested authority once (1.2011ms)
✔ source render processor context carries the frozen source template identity (1.2117ms)
✔ batch rollup separates carrier trigger writes from the root update (2.1676ms)
✔ generation resolves NHSP financials to the SELF_BILL invoice stream without losing their source family (1.5831ms)
✔ candidate correction validation treats a planned invoice identity as null-safe (1.7636ms)
✔ authoritative changed-hours pairs remain one atomic NONE-consolidation group (1.1215ms)
✔ correction candidate presence cannot be fabricated by two null invoice identities (1.0215ms)
✔ generation validation accepts pending NHSP sources and resolves VAT from the source week (1.9337ms)
✔ generation commits exact NHSP shift ownership and attaches the authoritative import row (2.0932ms)
✔ generation revalidation correlates the canonical selection identity in every phase (1.5843ms)
✔ generation establishes the invoice header before downstream ownership writes (5.1004ms)
✔ root repeatable installs every changed nested Invoice V8 authority (1.3454ms)
✔ issue uniqueness retains terminal blocked audit without owning the active slot (1.2348ms)
✔ committed TEST configuration keeps interactive enabled and scheduled disabled (1.8173ms)
✔ manual and QR timesheet document planning fails closed without an immutable source asset (3.6147ms)
✔ direct manual and QR timesheet documents use the exact registered asset (1.7501ms)
✔ single-part normalised assets use the direct-key READY representation (1.694ms)
✔ repeatable deployment avoids no-op workbench session and job table locks (5.4233ms)
✔ contract override defaults work without a client settings row (5.3409ms)
✔ contract override controls HealthRoster invoice validation (8.6216ms)
✔ normalised timesheet evidence adopts the exact registered asset revision (1.428ms)
✔ invoice detail exposes only the resolved email-delivery decision (5.8366ms)
✔ invoice detail preserves an authoritative suppressed decision and reason (7.72ms)
✔ invoice detail does not invent a resolved policy when the resolver result is absent (0.3461ms)
✔ GET invoice includes the sanitised delivery decision in every response branch (3.1842ms)
✔ HealthRoster authoritative corrections recover source evidence through timesheet ancestry (9.3892ms)
✔ HealthRoster invoice attachment is independent of validation-only policy (3.3907ms)
✔ HealthRoster presentation preserves explicit correction evidence roles (6.652ms)
✔ HealthRoster support renders corrected-hours and reversal entries (2.9869ms)
✔ legacy HealthRoster reversal models remain visibly labelled (0.5147ms)
✔ authoritative correction evidence preserves corrected-hours and reversal occurrences (6.6506ms)
✔ NHSP support renders an explicit entry for both members of a correction pair (45.0575ms)
✔ legacy NHSP reversal models remain readable and visibly labelled (0.7861ms)
✔ Batch Generate applies only the effective reference-to-invoice policy to positive hours (6.9564ms)
✔ Batch Issue applies only the effective reference-to-issue policy (0.681ms)
✔ the canonical precheck retains contract-over-client policy resolution for each independent stage (2.3136ms)
✔ runtime configuration is disabled by default and clamps every limit (5.0461ms)
✔ unified outbox cursor is signed, filter-bound and preserves independent source positions (30.1233ms)
✔ database batch advances all claims through one RPC call (5.3904ms)
✔ queue lane selection keeps database and document work separate (3.4258ms)
✔ browser receipt hashes use PostgreSQL jsonb key ordering (0.6913ms)
✔ document access token is signed, expires, and binds its purpose (10.4905ms)
✔ canonical command payload preserves canonical members and rejects malformed IDs (42.2251ms)
✔ invoice HTML is deterministic and escapes all mutable presentation values (40.1891ms)
✔ invoice line item descriptions keep Accommodation whole in a wider first column (1.6845ms)
✔ legacy v1 frozen invoice rows retain their original Unit layout (1.2466ms)
✔ consolidated invoice hides the top worker field but keeps workers in line rows (3.9778ms)
✔ NHSP invoice hides a single worker header but keeps the line worker (3.8459ms)
✔ frozen presentation identity is recomputed and pay-side fields are rejected (11.6684ms)
✔ attachment index renders one logical row with physical page totals (0.7846ms)
✔ attachment pagination correlates the DB logical source key (0.9772ms)
✔ attachment pagination preserves the frozen canonical display row (0.4051ms)
✔ retired synchronous generation route returns 410 and starts no work (6.909ms)
✔ attachment pagination correlates the DB logical source key (0.4479ms)
✔ document view returns 200 only for an exact READY version (30.336ms)
{"event":"invoice_queue_drain","ok":true,"invocation_id":"c4601d6e-c4f4-4c0b-b108-d3ade2e3cf5a","mode":"user_nudge","elapsed_ms":2,"cycles":1,"database":{"claimed":0,"advanced":0,"rejected":0},"document":{"claimed":0,"processed":0,"completed":0,"rejected":0,"ownership_lost":0},"continuation_required":true,"released_lanes":["DATABASE","DOCUMENT"],"continuation_dispatched":true}
✔ draft invoice view does not reuse a READY preview from an older template (10.1428ms)
{"event":"invoice_queue_drain","ok":true,"invocation_id":"ef64a5cc-3e7c-4143-a627-ec1619fef271","mode":"user_nudge","elapsed_ms":0,"cycles":1,"database":{"claimed":0,"advanced":0,"rejected":0},"document":{"claimed":0,"processed":0,"completed":0,"rejected":0,"ownership_lost":0},"continuation_required":true,"released_lanes":["DATABASE","DOCUMENT"],"continuation_dispatched":true}
✔ draft invoice view prepares required legacy accommodation evidence before reusing a preview (6.6856ms)
✔ draft invoice view fails closed when required expense evidence bytes are missing (4.3855ms)
✔ unfiltered unified outbox includes bounded invoice operation rows (8.878ms)
✔ invoice Outbox queue filters never query chunk-only scheduling columns (6.4125ms)
✔ native receipt contract derives physical receipts from actual bytes metadata (11.4654ms)
✔ controlled cohort parsing is exact, deduplicated, and admin-only (0.5702ms)
✔ authenticated access mode allows every active authenticated user without a cohort (0.2499ms)
✔ TEST refresh cookies are partitioned for the cross-site Worker origin (66.1468ms)
✔ drain request signatures bind lane order, nonce, depth, and timestamp (2.7662ms)
✔ candidate GET is rejected as method-not-allowed before any service-role read (0.9673ms)
✔ retired legacy batch generation never returns an accepted response (0.7503ms)
✔ issued document view selects the exact FINAL_ISSUE version and never queues preview (1.6832ms)
✔ generation mismatch blocks new preview work without blocking document-read routes (7.2204ms)
✔ professional source templates use explicit allowlisted fields (4.7167ms)
✔ receipt evidence rejects wrong order, omission, and duplicate descriptors (0.6741ms)
✔ final receipt verification recomputes the complete merge tree (9.3558ms)
✔ unrelated API routes bypass async admin and cohort checks (0.6511ms)
{"event":"invoice_document_heartbeat_failed","code":"TOUCH_UNAVAILABLE","active_count":1}
✔ complete heartbeat RPC failure aborts owned work before completion submission (25.5614ms)
{"event":"invoice_queue_drain","ok":true,"invocation_id":"0d3a84f7-88b7-4d06-9dfe-7a4c6007b012","mode":"user_nudge","elapsed_ms":0,"cycles":1,"database":{"claimed":1,"advanced":1,"rejected":0},"document":{"claimed":0,"processed":0,"completed":0,"rejected":0,"ownership_lost":0},"continuation_required":true,"released_lanes":["DATABASE","PDF_MERGE"],"continuation_dispatched":true}
{"event":"invoice_queue_drain","ok":true,"invocation_id":"405a44b5-7684-4aa1-a45f-61444d9f46d3","mode":"user_nudge","elapsed_ms":0,"cycles":1,"database":{"claimed":0,"advanced":0,"rejected":0},"document":{"claimed":0,"processed":0,"completed":0,"rejected":0,"ownership_lost":0},"continuation_required":false,"released_lanes":["RECONCILE"],"continuation_dispatched":false}
✔ USER_NUDGE advances database work only and dispatches released document lanes (2.4467ms)
✔ document completion releases the next queue lane without waiting for cron (1.8523ms)
✔ reconciliation uses bounded keyset pages and emits a signed continuation cursor (3.9505ms)
✔ capabilities remain available while async is disabled and do not disclose cohort IDs (2.222ms)
✔ single issue requires the revision reviewed by the modal (2.6456ms)
{"event":"invoice_queue_drain","ok":true,"invocation_id":"461624f4-c6f3-41bc-a48b-8249a52b891c","mode":"user_nudge","elapsed_ms":7,"cycles":1,"database":{"claimed":0,"advanced":0,"rejected":0},"document":{"claimed":0,"processed":0,"completed":0,"rejected":0,"ownership_lost":0},"continuation_required":false,"released_lanes":["DATABASE"],"continuation_dispatched":false}
✔ batch generation submits one V2 selection root and omits caller time authority (13.207ms)
{"event":"invoice_queue_drain","ok":true,"invocation_id":"913fbbb6-7d1c-47ff-a0fa-a637359f539b","mode":"user_nudge","elapsed_ms":0,"cycles":1,"database":{"claimed":0,"advanced":0,"rejected":0},"document":{"claimed":0,"processed":0,"completed":0,"rejected":0,"ownership_lost":0},"continuation_required":true,"released_lanes":["ASSET_INSPECT","ASSET_NORMALISE","DATABASE","DOCUMENT_PLAN","DOCUMENT_VERIFY","INVOICE_CORE_RENDER","PDF_MERGE","SOURCE_RENDER"],"continuation_dispatched":true}
✔ Generate-and-view adopts an authoritative existing draft-view command (8.4308ms)
✔ invoice batch filters and sort are strictly allowlisted and canonical (3.3396ms)
✔ invoice batch selection ledger accepts ordered semantic V2 selectors (1.5884ms)
✔ invoice batch cursor is expiring, HMAC protected and query-bound (17.2104ms)
✔ invoice batch query hash includes the complete signed snapshot identity (1.4652ms)
✔ V2 candidate envelopes remain typed and legacy envelopes fail closed (0.6526ms)
✔ SUMMARY group records require canonical selectors and consistent state (1.9573ms)
✔ SUMMARY group-selector normalization accepts 400 and rejects duplicates or 401 (16.5982ms)
✔ POST candidate route returns V8 and keeps database keysets behind an opaque cursor (14.7687ms)
✔ candidate RPC timeouts fail closed without exposing an internal RPC error (2.5519ms)
✔ SUMMARY candidate route enforces exact group-selector coverage and request order (9.6507ms)
✔ invoice batch JSON reader enforces the byte limit and object-only contract (1.8811ms)
✔ external command identity is caller-stable and never falls back to delivery identity (0.7618ms)
✔ V8 snapshot, facet, explicit-key, and delivery token boundaries fail closed (1.0354ms)
✔ operation-control envelope is exact, durable-tokened, and DB-hashed (4.8648ms)
✔ operation-control rejects conflicting token sources before any RPC call (2.0217ms)
✔ work-starting document GET and loose credit-note inputs are rejected (4.9391ms)
✔ delivery part number is an exact bounded positive integer (3.121ms)
{"event":"invoice_queue_drain","ok":true,"invocation_id":"7fa56df5-b69f-4819-9cab-296cbe907ba9","mode":"user_nudge","elapsed_ms":0,"cycles":1,"database":{"claimed":0,"advanced":0,"rejected":0},"document":{"claimed":0,"processed":0,"completed":0,"rejected":0,"ownership_lost":0},"continuation_required":true,"released_lanes":["ASSET_INSPECT","ASSET_NORMALISE","DATABASE","DOCUMENT_PLAN","DOCUMENT_VERIFY","INVOICE_CORE_RENDER","PDF_MERGE","SOURCE_RENDER"],"continuation_dispatched":true}
{"event":"invoice_queue_drain","ok":true,"invocation_id":"27387c22-349c-4a9d-8784-3643c3a5945a","mode":"user_nudge","elapsed_ms":1,"cycles":1,"database":{"claimed":0,"advanced":0,"rejected":0},"document":{"claimed":0,"processed":0,"completed":0,"rejected":0,"ownership_lost":0},"continuation_required":true,"released_lanes":["ASSET_INSPECT","ASSET_NORMALISE","DATABASE","DOCUMENT_PLAN","DOCUMENT_VERIFY","INVOICE_CORE_RENDER","PDF_MERGE","SOURCE_RENDER"],"continuation_dispatched":true}
✔ Batch Issue supports Issue-and-send and Issue-only with separate identities (6.1953ms)
✔ result cursors bind root, category and atomic result-page revision (5.3782ms)
✔ capabilities advertise mandatory V8 features only when every dependency is ready (6.3855ms)
{"event":"invoice_queue_drain","ok":true,"invocation_id":"8b55639e-dd3c-446a-9b82-5daf97c179ec","mode":"user_nudge","elapsed_ms":0,"cycles":1,"database":{"claimed":0,"advanced":0,"rejected":0},"document":{"claimed":0,"processed":0,"completed":0,"rejected":0,"ownership_lost":0},"continuation_required":false,"released_lanes":["DATABASE"],"continuation_dispatched":false}
✔ authenticated access capabilities enable a non-admin without disclosing a cohort (1.6805ms)
✔ an unreleased local build identity cannot satisfy deployment readiness (0.3945ms)
✔ automatic Generate creates one V2 selection root rather than enumerating candidates (1.4302ms)
✔ Generate and Issue confirmation reject a missing signed snapshot before root creation (3.9469ms)
✔ V8 routes fail closed when the native document processor is not ready (3.0833ms)
✔ invoice save edits accepts the compact invoice_apply_edits result contract (43.4765ms)
✔ invoice source edits fail closed before mutation when the queue contract is unavailable (40.1471ms)
✔ invoice detail enriches legacy evidence with V8 asset readiness (45.7525ms)
✔ weekly electronic and QR paths use only contract display_site for Site / Ward (43.6578ms)
✔ invoice mail preparation contains no legacy PDF rendering fallback (36.9993ms)
✔ invoice summary projection uses only installed document authority and exposes no storage key (40.3489ms)
✔ electronic timesheet submission freezes verified signature hashes (38.6085ms)
✔ manual and QR timesheet viewing prepares the exact signed source asset before rendering (1.5727ms)
✔ QR scan acceptance queues its signed source and exposes no storage key (43.7309ms)
✔ HealthRoster invoice support obeys effective attachment policy and renders frozen source rows (3.9407ms)
✔ planned manual details returns a guarded contract-week authority and explicit process permission (5.197ms)
✔ planned draft save is atomic and fails closed without the expected signature (6.7756ms)
✔ planned Process requires a signature while physical-timesheet guards remain separate (2.9193ms)
✔ atomic planned draft RPC locks, compares, updates, and returns the next signature (0.6827ms)
✔ post-commit wake helper requests one bounded global nudge only when lifecycle truth changed (9.9059ms)
✔ post-commit wake helper never converts a completed lifecycle mutation into an HTTP failure (7.0091ms)
✔ mutation change classifier wakes for confirmed and ambiguous successes but not explicit no-op or failure (13.1775ms)
✔ internal bulk suppression is capability-based and cannot be requested through browser-shaped data (25.904ms)
✔ selected bulk paths suppress per-item wakes and own exactly one post-commit wake (21.776ms)
✔ ten committed bulk items produce one chunk-owned wake and no per-item wake ownership (21.1698ms)
✔ partial-success chunk wakes once while all-failed chunk does not nudge (31.8126ms)
✔ chunk requests its wake even when operation-item bookkeeping fails after lifecycle commit (15.1154ms)
✔ individual and correction-pair gold paths preserve one wake unless trusted bulk suppression is present (16.009ms)
✔ router supplies execution context to all lifecycle wake-owning routes (25.6213ms)
✔ cron requests existing bounded continuation only for safe progress with more due (20.6927ms)
✔ official week period supports every configured ending weekday (2.9889ms)
✔ official hours wording uses complete grammatical sentence-case English (0.5151ms)
✔ logos and signatures are fitted without changing their aspect ratio (0.6089ms)
✔ TSQ1 extraction preserves the established token field and signature input (18.0367ms)
✔ V2 contract validates the Saturday-ending Sunday-to-Saturday form (10.4277ms)
✔ manager-review timesheet requires only the Candidate signature and renders one official page (98.8037ms)
✔ official renderer emits exactly one A4 landscape page with additional units (27.6911ms)
✔ declaration capacity accepts an exact nine-line readable fit (16.162ms)
✔ signature dates are drawn above their date lines (2.5285ms)
✔ signature images are the final visual layer inside each declaration box (1.7485ms)
✔ QR forms retain the centre QR panel while electronic forms expand both detail boxes (71.9351ms)
✔ dense supported form selects a readable compact mode without omitting rows (41.522ms)
✔ impossible one-page fixture fails instead of truncating or spilling (1.9198ms)
✔ layout selection preflights horizontal cells and retries a smaller readable mode (18.5362ms)
✔ persisted official timesheet PDF bytes are deterministic across wall-clock time (1126.83ms)
✔ wrapped wording preserves an unbroken long token without overflow or truncation (28.7038ms)
✔ HealthRoster V2 rejects ambiguous references and accepts one exact match (0.6076ms)
✔ new invoice plans omit attachment indexes and use official timesheet V2 (11.23ms)
✔ QR enqueue creates V8 document work and never creates legacy PDF-outbox work (16.7ms)
✔ timesheet invalidation includes QR printable identity (1.1409ms)
✔ snapshot freezes dynamic week, canonical references, complete units and HealthRoster V2 (5.4752ms)
✔ settings wording changes participate in invoice candidate revision (1.2849ms)
✔ TEST keeps function-manifest enforcement off while the default remains on (2.1777ms)
✔ planner V2 installer references both canonical planner definitions (1.0355ms)
✔ material reference and location edits invalidate and queue exact replacements once (4.0387ms)
✔ source-edit payloads are allowlisted and never replace SEGMENTS schedules (9.6937ms)
✔ source-edit invalidation uses a transaction-local exact-once marker (4.7358ms)
✔ invoice line reference cache uses invoice-owned financial segments (1.3978ms)
✔ invoice detail exposes direct timesheet hospital and ward source values (2.1403ms)
✔ atomic source-edit installer references exactly the four canonical definitions (1.5941ms)
✔ refs, ward and selective numbering installer references every canonical authority (1.3507ms)
✔ reference invalidation installer references the canonical invoice edit definition (0.8702ms)
✔ invoice edits contain the complete supported add-timesheet implementation (4.7422ms)
✔ residual source-edit installer references exactly the four canonical definitions (1.1783ms)
ℹ tests 651
ℹ suites 0
ℹ pass 651
ℹ fail 0
ℹ cancelled 0
ℹ skipped 0
ℹ todo 0
ℹ duration_ms 5181.6497
